Archive member included to satisfy reference by file (symbol)

c:/users/erth0001/user/gnuarmeclipse_photon/eclipse/gnu mcu eclipse/arm embedded gcc/bin/../lib/gcc/arm-none-eabi/7.3.1/thumb/v7e-m/fpv4-sp/hard\libgcc.a(_arm_truncdfsf2.o)
                              ./system/include/platform/FM4_slider_interface.o (__aeabi_d2f)
c:/users/erth0001/user/gnuarmeclipse_photon/eclipse/gnu mcu eclipse/arm embedded gcc/bin/../lib/gcc/arm-none-eabi/7.3.1/../../../../arm-none-eabi/lib/thumb/v7e-m/fpv4-sp/hard\libg_nano.a(lib_a-atof.o)
                              ./system/include/platform/FM4_slider_interface.o (atof)
c:/users/erth0001/user/gnuarmeclipse_photon/eclipse/gnu mcu eclipse/arm embedded gcc/bin/../lib/gcc/arm-none-eabi/7.3.1/../../../../arm-none-eabi/lib/thumb/v7e-m/fpv4-sp/hard\libg_nano.a(lib_a-atoi.o)
                              ./system/include/platform/FM4_slider_interface.o (atoi)
c:/users/erth0001/user/gnuarmeclipse_photon/eclipse/gnu mcu eclipse/arm embedded gcc/bin/../lib/gcc/arm-none-eabi/7.3.1/../../../../arm-none-eabi/lib/thumb/v7e-m/fpv4-sp/hard\libg_nano.a(lib_a-memset.o)
                              ./system/include/platform/FM4_slider_interface.o (memset)
c:/users/erth0001/user/gnuarmeclipse_photon/eclipse/gnu mcu eclipse/arm embedded gcc/bin/../lib/gcc/arm-none-eabi/7.3.1/../../../../arm-none-eabi/lib/thumb/v7e-m/fpv4-sp/hard\libg_nano.a(lib_a-nano-vfprintf_float.o)
                              (_printf_float)
c:/users/erth0001/user/gnuarmeclipse_photon/eclipse/gnu mcu eclipse/arm embedded gcc/bin/../lib/gcc/arm-none-eabi/7.3.1/../../../../arm-none-eabi/lib/thumb/v7e-m/fpv4-sp/hard\libg_nano.a(lib_a-nano-vfprintf_i.o)
                              c:/users/erth0001/user/gnuarmeclipse_photon/eclipse/gnu mcu eclipse/arm embedded gcc/bin/../lib/gcc/arm-none-eabi/7.3.1/../../../../arm-none-eabi/lib/thumb/v7e-m/fpv4-sp/hard\libg_nano.a(lib_a-nano-vfprintf_float.o) (_printf_common)
c:/users/erth0001/user/gnuarmeclipse_photon/eclipse/gnu mcu eclipse/arm embedded gcc/bin/../lib/gcc/arm-none-eabi/7.3.1/../../../../arm-none-eabi/lib/thumb/v7e-m/fpv4-sp/hard\libg_nano.a(lib_a-nano-vfscanf_float.o)
                              (_scanf_float)
c:/users/erth0001/user/gnuarmeclipse_photon/eclipse/gnu mcu eclipse/arm embedded gcc/bin/../lib/gcc/arm-none-eabi/7.3.1/../../../../arm-none-eabi/lib/thumb/v7e-m/fpv4-sp/hard\libg_nano.a(lib_a-printf.o)
                              ./src/Examples/Semihosting.o (printf)
c:/users/erth0001/user/gnuarmeclipse_photon/eclipse/gnu mcu eclipse/arm embedded gcc/bin/../lib/gcc/arm-none-eabi/7.3.1/../../../../arm-none-eabi/lib/thumb/v7e-m/fpv4-sp/hard\libg_nano.a(lib_a-sf_nan.o)
                              c:/users/erth0001/user/gnuarmeclipse_photon/eclipse/gnu mcu eclipse/arm embedded gcc/bin/../lib/gcc/arm-none-eabi/7.3.1/../../../../arm-none-eabi/lib/thumb/v7e-m/fpv4-sp/hard\libg_nano.a(lib_a-nano-vfscanf_float.o) (nanf)
c:/users/erth0001/user/gnuarmeclipse_photon/eclipse/gnu mcu eclipse/arm embedded gcc/bin/../lib/gcc/arm-none-eabi/7.3.1/../../../../arm-none-eabi/lib/thumb/v7e-m/fpv4-sp/hard\libg_nano.a(lib_a-sprintf.o)
                              c:/users/erth0001/user/gnuarmeclipse_photon/eclipse/gnu mcu eclipse/arm embedded gcc/bin/../lib/gcc/arm-none-eabi/7.3.1/../../../../arm-none-eabi/lib/thumb/v7e-m/fpv4-sp/hard\libg_nano.a(lib_a-nano-vfscanf_float.o) (sprintf)
c:/users/erth0001/user/gnuarmeclipse_photon/eclipse/gnu mcu eclipse/arm embedded gcc/bin/../lib/gcc/arm-none-eabi/7.3.1/../../../../arm-none-eabi/lib/thumb/v7e-m/fpv4-sp/hard\libg_nano.a(lib_a-strlen.o)
                              c:/users/erth0001/user/gnuarmeclipse_photon/eclipse/gnu mcu eclipse/arm embedded gcc/bin/../lib/gcc/arm-none-eabi/7.3.1/../../../../arm-none-eabi/lib/thumb/v7e-m/fpv4-sp/hard\libg_nano.a(lib_a-nano-vfprintf_float.o) (strlen)
c:/users/erth0001/user/gnuarmeclipse_photon/eclipse/gnu mcu eclipse/arm embedded gcc/bin/../lib/gcc/arm-none-eabi/7.3.1/../../../../arm-none-eabi/lib/thumb/v7e-m/fpv4-sp/hard\libg_nano.a(lib_a-strtod.o)
                              c:/users/erth0001/user/gnuarmeclipse_photon/eclipse/gnu mcu eclipse/arm embedded gcc/bin/../lib/gcc/arm-none-eabi/7.3.1/../../../../arm-none-eabi/lib/thumb/v7e-m/fpv4-sp/hard\libg_nano.a(lib_a-nano-vfscanf_float.o) (_strtod_r)
c:/users/erth0001/user/gnuarmeclipse_photon/eclipse/gnu mcu eclipse/arm embedded gcc/bin/../lib/gcc/arm-none-eabi/7.3.1/../../../../arm-none-eabi/lib/thumb/v7e-m/fpv4-sp/hard\libg_nano.a(lib_a-strtol.o)
                              c:/users/erth0001/user/gnuarmeclipse_photon/eclipse/gnu mcu eclipse/arm embedded gcc/bin/../lib/gcc/arm-none-eabi/7.3.1/../../../../arm-none-eabi/lib/thumb/v7e-m/fpv4-sp/hard\libg_nano.a(lib_a-atoi.o) (_strtol_r)
c:/users/erth0001/user/gnuarmeclipse_photon/eclipse/gnu mcu eclipse/arm embedded gcc/bin/../lib/gcc/arm-none-eabi/7.3.1/../../../../arm-none-eabi/lib/thumb/v7e-m/fpv4-sp/hard\libg_nano.a(lib_a-dtoa.o)
[...]
Memory Configuration

Name             Origin             Length             Attributes
ROM              0x0000000000000000 0x0000000000200000 xr
IROM2            0x0000000000406000 0x000000000000a000 xr
RAM              0x000000001ffd0000 0x0000000000030000 xrw
IRAM2            0x0000000020038000 0x0000000000010000 xrw
*default*        0x0000000000000000 0xffffffffffffffff

Linker script and memory map

LOAD ./system/include/platform/FM4_slider_interface.o
LOAD ./system/include/platform/platform.o
LOAD ./system/include/platform/utils.o
LOAD ./system/include/S6E2CCA/startup/startup_s6e2cc.o
LOAD ./system/include/S6E2CCA/PDL/clk.o
LOAD ./system/include/S6E2CCA/PDL/dstc.o
LOAD ./system/include/S6E2CCA/PDL/i2s.o
LOAD ./system/include/S6E2CCA/PDL/interrupts_fm4_type_b.o
LOAD ./system/include/S6E2CCA/PDL/mfs.o
LOAD ./system/include/S6E2CCA/PDL/pdl.o
LOAD ./system/include/S6E2CCA/PDL/system_s6e2cc.o
LOAD ./system/include/S6E2CCA/PDL/wm8731.o
LOAD ./src/Examples/Semihosting.o
LOAD C:\Users\erth0001\User\GNUARMEclipse_Photon\eclipse\workspace_FM4\FM4_FilterLab_1_3_Template\libs\libarm_cortexM4lf_math.a
LOAD c:/users/erth0001/user/gnuarmeclipse_photon/eclipse/gnu mcu eclipse/arm embedded gcc/bin/../lib/gcc/arm-none-eabi/7.3.1/../../../../arm-none-eabi/lib/thumb/v7e-m/fpv4-sp/hard\libstdc++_nano.a
LOAD c:/users/erth0001/user/gnuarmeclipse_photon/eclipse/gnu mcu eclipse/arm embedded gcc/bin/../lib/gcc/arm-none-eabi/7.3.1/../../../../arm-none-eabi/lib/thumb/v7e-m/fpv4-sp/hard\libm.a
START GROUP
LOAD c:/users/erth0001/user/gnuarmeclipse_photon/eclipse/gnu mcu eclipse/arm embedded gcc/bin/../lib/gcc/arm-none-eabi/7.3.1/thumb/v7e-m/fpv4-sp/hard\libgcc.a
LOAD c:/users/erth0001/user/gnuarmeclipse_photon/eclipse/gnu mcu eclipse/arm embedded gcc/bin/../lib/gcc/arm-none-eabi/7.3.1/../../../../arm-none-eabi/lib/thumb/v7e-m/fpv4-sp/hard\libg_nano.a
LOAD c:/users/erth0001/user/gnuarmeclipse_photon/eclipse/gnu mcu eclipse/arm embedded gcc/bin/../lib/gcc/arm-none-eabi/7.3.1/../../../../arm-none-eabi/lib/thumb/v7e-m/fpv4-sp/hard\libc_nano.a
END GROUP
START GROUP
LOAD c:/users/erth0001/user/gnuarmeclipse_photon/eclipse/gnu mcu eclipse/arm embedded gcc/bin/../lib/gcc/arm-none-eabi/7.3.1/thumb/v7e-m/fpv4-sp/hard\libgcc.a
LOAD c:/users/erth0001/user/gnuarmeclipse_photon/eclipse/gnu mcu eclipse/arm embedded gcc/bin/../lib/gcc/arm-none-eabi/7.3.1/../../../../arm-none-eabi/lib/thumb/v7e-m/fpv4-sp/hard\libc_nano.a
LOAD c:/users/erth0001/user/gnuarmeclipse_photon/eclipse/gnu mcu eclipse/arm embedded gcc/bin/../lib/gcc/arm-none-eabi/7.3.1/../../../../arm-none-eabi/lib/thumb/v7e-m/fpv4-sp/hard\librdimon_nano.a
LOAD c:/users/erth0001/user/gnuarmeclipse_photon/eclipse/gnu mcu eclipse/arm embedded gcc/bin/../lib/gcc/arm-none-eabi/7.3.1/../../../../arm-none-eabi/lib/thumb/v7e-m/fpv4-sp/hard\libnosys.a
END GROUP
START GROUP
LOAD c:/users/erth0001/user/gnuarmeclipse_photon/eclipse/gnu mcu eclipse/arm embedded gcc/bin/../lib/gcc/arm-none-eabi/7.3.1/thumb/v7e-m/fpv4-sp/hard\libgcc.a
LOAD c:/users/erth0001/user/gnuarmeclipse_photon/eclipse/gnu mcu eclipse/arm embedded gcc/bin/../lib/gcc/arm-none-eabi/7.3.1/../../../../arm-none-eabi/lib/thumb/v7e-m/fpv4-sp/hard\libc_nano.a
LOAD c:/users/erth0001/user/gnuarmeclipse_photon/eclipse/gnu mcu eclipse/arm embedded gcc/bin/../lib/gcc/arm-none-eabi/7.3.1/../../../../arm-none-eabi/lib/thumb/v7e-m/fpv4-sp/hard\libnosys.a
END GROUP
START GROUP
LOAD c:/users/erth0001/user/gnuarmeclipse_photon/eclipse/gnu mcu eclipse/arm embedded gcc/bin/../lib/gcc/arm-none-eabi/7.3.1/thumb/v7e-m/fpv4-sp/hard\libgcc.a
LOAD c:/users/erth0001/user/gnuarmeclipse_photon/eclipse/gnu mcu eclipse/arm embedded gcc/bin/../lib/gcc/arm-none-eabi/7.3.1/../../../../arm-none-eabi/lib/thumb/v7e-m/fpv4-sp/hard\libc_nano.a
LOAD c:/users/erth0001/user/gnuarmeclipse_photon/eclipse/gnu mcu eclipse/arm embedded gcc/bin/../lib/gcc/arm-none-eabi/7.3.1/../../../../arm-none-eabi/lib/thumb/v7e-m/fpv4-sp/hard\librdimon_nano.a
END GROUP
START GROUP
LOAD c:/users/erth0001/user/gnuarmeclipse_photon/eclipse/gnu mcu eclipse/arm embedded gcc/bin/../lib/gcc/arm-none-eabi/7.3.1/thumb/v7e-m/fpv4-sp/hard\libgcc.a
LOAD c:/users/erth0001/user/gnuarmeclipse_photon/eclipse/gnu mcu eclipse/arm embedded gcc/bin/../lib/gcc/arm-none-eabi/7.3.1/../../../../arm-none-eabi/lib/thumb/v7e-m/fpv4-sp/hard\libc.a
END GROUP
                0x0000000020005e98                PROVIDE (__FM_stack = (__FM_region_start_ram + __FM_region_size_ram))
                [!provide]                        PROVIDE (__FM_stack_size = ((__FM_region_start_ram + __FM_region_size_ram) - _end))
                [!provide]                        PROVIDE (__FM_heap_start = _end)
                [!provide]                        PROVIDE (__FM_heap_end = (__FM_region_start_ram + __FM_region_size_ram))

.text           0x000000001ffd0000     0x5e8c
 CREATE_OBJECT_SYMBOLS
                0x000000001ffd0000                __FM_region_start_ram = .
 *(.FM.region-head.RAM)
                0x000000001ffd0000                __FM_interrupt_vector = __FM_interrupt_vector_cortex_m
 *(.FM.interrupt_vector)
 .FM.interrupt_vector
                0x000000001ffd0000      0x240 ./system/include/S6E2CCA/startup/startup_s6e2cc.o
                0x000000001ffd0000                __FM_interrupt_vector_cortex_m
                0x0000000000000001                ASSERT ((. != __FM_interrupt_vector_cortex_m), No interrupt vector)
 *(.RAM)
 *(.RAM.b)
                0x000000001ffd0240                __FM_reset = __FM_reset_cortex_m
 *(.FM.reset)
 .FM.reset      0x000000001ffd0240       0x70 ./system/include/S6E2CCA/startup/startup_s6e2cc.o
                0x000000001ffd0240                __FM_reset_cortex_m
                0x0000000000000001                ASSERT ((. != __FM_reset), No reset code)
 *(.text .text.* .gnu.linkonce.t.*)
 .text          0x000000001ffd02b0       0x14 ./system/include/S6E2CCA/startup/startup_s6e2cc.o
                0x000000001ffd02b0                NMI_Handler
                0x000000001ffd02b2                HardFault_Handler
                0x000000001ffd02b4                MemManage_Handler
                0x000000001ffd02b6                BusFault_Handler
                0x000000001ffd02b8                UsageFault_Handler
                0x000000001ffd02ba                SVC_Handler
                0x000000001ffd02bc                DebugMon_Handler
                0x000000001ffd02be                PendSV_Handler
                0x000000001ffd02c0                SysTick_Handler
                0x000000001ffd02c2                LVD_IRQHandler
                0x000000001ffd02c2                USB0_H_F_IRQHandler
                0x000000001ffd02c2                USB0_F_IRQHandler
                0x000000001ffd02c2                BT12_15_IRQHandler
                0x000000001ffd02c2                WC_IRQHandler
                0x000000001ffd02c2                DMAC7_IRQHandler
                0x000000001ffd02c2                MFT0_FRT_ZERO_IRQHandler
                0x000000001ffd02c2                DMAC6_IRQHandler
                0x000000001ffd02c2                BT0_IRQHandler
                0x000000001ffd02c2                MFS4_RX_IRQHandler
                0x000000001ffd02c2                BT2_IRQHandler
                0x000000001ffd02c2                DMAC4_IRQHandler
                0x000000001ffd02c2                BT6_IRQHandler
                0x000000001ffd02c2                MFT0_ICU_IRQHandler
                0x000000001ffd02c2                MFT2_WFG_DTIF_IRQHandler
                0x000000001ffd02c2                MFS6_TX_IRQHandler
                0x000000001ffd02c2                DMAC2_IRQHandler
                0x000000001ffd02c2                EXINT15_IRQHandler
                0x000000001ffd02c2                MFS8_TX_IRQHandler
                0x000000001ffd02c2                ETHER0_IRQHandler
                0x000000001ffd02c2                MFS3_RX_IRQHandler
                0x000000001ffd02c2                PPG08_10_12_IRQHandler
                0x000000001ffd02c2                MFS8_RX_IRQHandler
                0x000000001ffd02c2                ADC0_IRQHandler
                0x000000001ffd02c2                MFS9_RX_IRQHandler
                0x000000001ffd02c2                BT9_IRQHandler
                0x000000001ffd02c2                USB1_H_F_IRQHandler
                0x000000001ffd02c2                EXINT24_27_IRQHandler
                0x000000001ffd02c2                MFT2_ICU_IRQHandler
                0x000000001ffd02c2                MFS12_RX_IRQHandler
                0x000000001ffd02c2                BT7_IRQHandler
                0x000000001ffd02c2                PPG00_02_04_IRQHandler
                0x000000001ffd02c2                BT8_IRQHandler
                0x000000001ffd02c2                EXINT6_IRQHandler
                0x000000001ffd02c2                EXINT2_IRQHandler
                0x000000001ffd02c2                MFS14_TX_IRQHandler
                0x000000001ffd02c2                EXINT10_IRQHandler
                0x000000001ffd02c2                IRQ005SEL_IRQHandler
                0x000000001ffd02c2                ADC1_IRQHandler
                0x000000001ffd02c2                MFT2_OCU_IRQHandler
                0x000000001ffd02c2                MFT1_WFG_DTIF_IRQHandler
                0x000000001ffd02c2                MFS6_RX_IRQHandler
                0x000000001ffd02c2                MFS11_TX_IRQHandler
                0x000000001ffd02c2                EXINT0_IRQHandler
                0x000000001ffd02c2                BT10_IRQHandler
                0x000000001ffd02c2                RTC_IRQHandler
                0x000000001ffd02c2                MFS0_RX_IRQHandler
                0x000000001ffd02c2                TIM_IRQHandler
                0x000000001ffd02c2                QPRC1_IRQHandler
                0x000000001ffd02c2                BT3_IRQHandler
                0x000000001ffd02c2                MFS11_RX_IRQHandler
                0x000000001ffd02c2                MFS1_RX_IRQHandler
                0x000000001ffd02c2                DMAC3_IRQHandler
                0x000000001ffd02c2                EXINT13_IRQHandler
                0x000000001ffd02c2                IRQ004SEL_IRQHandler
                0x000000001ffd02c2                DSTC_IRQHandler
                0x000000001ffd02c2                BT1_IRQHandler
                0x000000001ffd02c2                IRQ007SEL_IRQHandler
                0x000000001ffd02c2                MFT0_FRT_PEAK_IRQHandler
                0x000000001ffd02c2                EXINT3_IRQHandler
                0x000000001ffd02c2                PPG16_18_20_IRQHandler
                0x000000001ffd02c2                Default_Handler
                0x000000001ffd02c2                MFS4_TX_IRQHandler
                0x000000001ffd02c2                MFS13_RX_IRQHandler
                0x000000001ffd02c2                MFS14_RX_IRQHandler
                0x000000001ffd02c2                IRQ010SEL_IRQHandler
                0x000000001ffd02c2                MFT1_FRT_ZERO_IRQHandler
                0x000000001ffd02c2                EXINT7_IRQHandler
                0x000000001ffd02c2                EXINT11_IRQHandler
                0x000000001ffd02c2                ADC2_IRQHandler
                0x000000001ffd02c2                MFT0_WFG_DTIF_IRQHandler
                0x000000001ffd02c2                EXINT20_23_IRQHandler
                0x000000001ffd02c2                MFS2_RX_IRQHandler
                0x000000001ffd02c2                MFT2_FRT_ZERO_IRQHandler
                0x000000001ffd02c2                EXINT28_31_IRQHandler
                0x000000001ffd02c2                IRQ009SEL_IRQHandler
                0x000000001ffd02c2                EXINT12_IRQHandler
                0x000000001ffd02c2                MFS7_TX_IRQHandler
                0x000000001ffd02c2                BT5_IRQHandler
                0x000000001ffd02c2                QPRC3_IRQHandler
                0x000000001ffd02c2                MFS13_TX_IRQHandler
                0x000000001ffd02c2                USB1_F_IRQHandler
                0x000000001ffd02c2                CAN1_CANFD0_IRQHandler
                0x000000001ffd02c2                IRQ003SEL_IRQHandler
                0x000000001ffd02c2                MFS5_TX_IRQHandler
                0x000000001ffd02c2                EXINT5_IRQHandler
                0x000000001ffd02c2                EXINT14_IRQHandler
                0x000000001ffd02c2                FLASHIF_IRQHandler
                0x000000001ffd02c2                DMAC0_IRQHandler
                0x000000001ffd02c2                QPRC0_IRQHandler
                0x000000001ffd02c2                MFS3_TX_IRQHandler
                0x000000001ffd02c2                EXINT4_IRQHandler
                0x000000001ffd02c2                CSV_IRQHandler
                0x000000001ffd02c2                MFS10_RX_IRQHandler
                0x000000001ffd02c2                DT_IRQHandler
                0x000000001ffd02c2                MFS1_TX_IRQHandler
                0x000000001ffd02c2                EXTBUS_ERR_IRQHandler
                0x000000001ffd02c2                DMAC1_IRQHandler
                0x000000001ffd02c2                CAN0_IRQHandler
                0x000000001ffd02c2                MFT1_ICU_IRQHandler
                0x000000001ffd02c2                MFS10_TX_IRQHandler
                0x000000001ffd02c2                IRQ008SEL_IRQHandler
                0x000000001ffd02c2                EXINT8_IRQHandler
                0x000000001ffd02c2                IRQ006SEL_IRQHandler
                0x000000001ffd02c2                MFS0_TX_IRQHandler
                0x000000001ffd02c2                EXINT1_IRQHandler
                0x000000001ffd02c2                HSSPI_IRQHandler
                0x000000001ffd02c2                QPRC2_IRQHandler
                0x000000001ffd02c2                MFT1_OCU_IRQHandler
                0x000000001ffd02c2                MFS9_TX_IRQHandler
                0x000000001ffd02c2                MFT1_FRT_PEAK_IRQHandler
                0x000000001ffd02c2                MFS7_RX_IRQHandler
                0x000000001ffd02c2                SD_IRQHandler
                0x000000001ffd02c2                BT4_IRQHandler
                0x000000001ffd02c2                DMAC5_IRQHandler
                0x000000001ffd02c2                BT11_IRQHandler
                0x000000001ffd02c2                MFS15_TX_IRQHandler
                0x000000001ffd02c2                EXINT9_IRQHandler
                0x000000001ffd02c2                SWDT_IRQHandler
                0x000000001ffd02c2                MFS12_TX_IRQHandler
                0x000000001ffd02c2                EXINT16_19_IRQHandler
                0x000000001ffd02c2                MFS15_RX_IRQHandler
                0x000000001ffd02c2                MFT0_OCU_IRQHandler
                0x000000001ffd02c2                MFT2_FRT_PEAK_IRQHandler
                0x000000001ffd02c2                MFS2_TX_IRQHandler
                0x000000001ffd02c2                MFS5_RX_IRQHandler
 .text.Dstc_ReadHwintBit
                0x000000001ffd02c4       0x4c ./system/include/S6E2CCA/PDL/dstc.o
                0x000000001ffd02c4                Dstc_ReadHwintBit
 .text.Dstc_SetHwintclrBit
                0x000000001ffd0310       0x44 ./system/include/S6E2CCA/PDL/dstc.o
                0x000000001ffd0310                Dstc_SetHwintclrBit
 .text.Dstc_I2sIrqHandler
                0x000000001ffd0354       0x58 ./system/include/S6E2CCA/PDL/dstc.o
                0x000000001ffd0354                Dstc_I2sIrqHandler
 .text.I2sIrqHandler
                0x000000001ffd03ac      0x1a2 ./system/include/S6E2CCA/PDL/i2s.o
                0x000000001ffd03ac                I2sIrqHandler
 *fill*         0x000000001ffd054e        0x2 
 .text.PCRC_I2S0_1_IRQHandler
                0x000000001ffd0550       0x34 ./system/include/S6E2CCA/PDL/interrupts_fm4_type_b.o
                0x000000001ffd0550                PCRC_I2S0_1_IRQHandler
 .text.DSTC_HW_IRQHandler
                0x000000001ffd0584       0x2c ./system/include/S6E2CCA/PDL/interrupts_fm4_type_b.o
                0x000000001ffd0584                DSTC_HW_IRQHandler
 .text.SystemInit
                0x000000001ffd05b0      0x140 ./system/include/S6E2CCA/PDL/system_s6e2cc.o
                0x000000001ffd05b0                SystemInit
 .text.main     0x000000001ffd06f0       0x14 ./src/Examples/Semihosting.o
                0x000000001ffd06f0                main
 .text          0x000000001ffd0704       0xa0 c:/users/erth0001/user/gnuarmeclipse_photon/eclipse/gnu mcu eclipse/arm embedded gcc/bin/../lib/gcc/arm-none-eabi/7.3.1/thumb/v7e-m/fpv4-sp/hard\libgcc.a(_arm_truncdfsf2.o)
                0x000000001ffd0704                __truncdfsf2
                0x000000001ffd0704                __aeabi_d2f
 .text.memset   0x000000001ffd07a4       0x10 c:/users/erth0001/user/gnuarmeclipse_photon/eclipse/gnu mcu eclipse/arm embedded gcc/bin/../lib/gcc/arm-none-eabi/7.3.1/../../../../arm-none-eabi/lib/thumb/v7e-m/fpv4-sp/hard\libg_nano.a(lib_a-memset.o)
                0x000000001ffd07a4                memset
 .text.__cvt    0x000000001ffd07b4       0xc2 c:/users/erth0001/user/gnuarmeclipse_photon/eclipse/gnu mcu eclipse/arm embedded gcc/bin/../lib/gcc/arm-none-eabi/7.3.1/../../../../arm-none-eabi/lib/thumb/v7e-m/fpv4-sp/hard\libg_nano.a(lib_a-nano-vfprintf_float.o)
                0x000000001ffd07b4                __cvt
 .text.__exponent
                0x000000001ffd0876       0x66 c:/users/erth0001/user/gnuarmeclipse_photon/eclipse/gnu mcu eclipse/arm embedded gcc/bin/../lib/gcc/arm-none-eabi/7.3.1/../../../../arm-none-eabi/lib/thumb/v7e-m/fpv4-sp/hard\libg_nano.a(lib_a-nano-vfprintf_float.o)
                0x000000001ffd0876                __exponent
 .text._printf_float
                0x000000001ffd08dc      0x480 c:/users/erth0001/user/gnuarmeclipse_photon/eclipse/gnu mcu eclipse/arm embedded gcc/bin/../lib/gcc/arm-none-eabi/7.3.1/../../../../arm-none-eabi/lib/thumb/v7e-m/fpv4-sp/hard\libg_nano.a(lib_a-nano-vfprintf_float.o)
                0x000000001ffd08dc                _printf_float
 .text._printf_common
                0x000000001ffd0d5c       0xea c:/users/erth0001/user/gnuarmeclipse_photon/eclipse/gnu mcu eclipse/arm embedded gcc/bin/../lib/gcc/arm-none-eabi/7.3.1/../../../../arm-none-eabi/lib/thumb/v7e-m/fpv4-sp/hard\libg_nano.a(lib_a-nano-vfprintf_i.o)
                0x000000001ffd0d5c                _printf_common
 *fill*         0x000000001ffd0e46        0x2 
 .text._printf_i
                0x000000001ffd0e48      0x224 c:/users/erth0001/user/gnuarmeclipse_photon/eclipse/gnu mcu eclipse/arm embedded gcc/bin/../lib/gcc/arm-none-eabi/7.3.1/../../../../arm-none-eabi/lib/thumb/v7e-m/fpv4-sp/hard\libg_nano.a(lib_a-nano-vfprintf_i.o)
                0x000000001ffd0e48                _printf_i
 .text._scanf_float
                0x000000001ffd106c      0x3c4 c:/users/erth0001/user/gnuarmeclipse_photon/eclipse/gnu mcu eclipse/arm embedded gcc/bin/../lib/gcc/arm-none-eabi/7.3.1/../../../../arm-none-eabi/lib/thumb/v7e-m/fpv4-sp/hard\libg_nano.a(lib_a-nano-vfscanf_float.o)
                0x000000001ffd106c                _scanf_float
 .text.printf   0x000000001ffd1430       0x30 c:/users/erth0001/user/gnuarmeclipse_photon/eclipse/gnu mcu eclipse/arm embedded gcc/bin/../lib/gcc/arm-none-eabi/7.3.1/../../../../arm-none-eabi/lib/thumb/v7e-m/fpv4-sp/hard\libg_nano.a(lib_a-printf.o)
                0x000000001ffd1430                iprintf
                0x000000001ffd1430                printf
 .text.nanf     0x000000001ffd1460        0xc c:/users/erth0001/user/gnuarmeclipse_photon/eclipse/gnu mcu eclipse/arm embedded gcc/bin/../lib/gcc/arm-none-eabi/7.3.1/../../../../arm-none-eabi/lib/thumb/v7e-m/fpv4-sp/hard\libg_nano.a(lib_a-sf_nan.o)
                0x000000001ffd1460                nanf
 .text.sprintf  0x000000001ffd146c       0x40 c:/users/erth0001/user/gnuarmeclipse_photon/eclipse/gnu mcu eclipse/arm embedded gcc/bin/../lib/gcc/arm-none-eabi/7.3.1/../../../../arm-none-eabi/lib/thumb/v7e-m/fpv4-sp/hard\libg_nano.a(lib_a-sprintf.o)
                0x000000001ffd146c                siprintf
                0x000000001ffd146c                sprintf
 .text          0x000000001ffd14ac       0x10 c:/users/erth0001/user/gnuarmeclipse_photon/eclipse/gnu mcu eclipse/arm embedded gcc/bin/../lib/gcc/arm-none-eabi/7.3.1/../../../../arm-none-eabi/lib/thumb/v7e-m/fpv4-sp/hard\libg_nano.a(lib_a-strlen.o)
                0x000000001ffd14ac                strlen
 .text.unlikely.sulp
                0x000000001ffd14bc       0x38 c:/users/erth0001/user/gnuarmeclipse_photon/eclipse/gnu mcu eclipse/arm embedded gcc/bin/../lib/gcc/arm-none-eabi/7.3.1/../../../../arm-none-eabi/lib/thumb/v7e-m/fpv4-sp/hard\libg_nano.a(lib_a-strtod.o)
 *fill*         0x000000001ffd14f4        0x4 
 .text._strtod_l
                0x000000001ffd14f8      0xbe8 c:/users/erth0001/user/gnuarmeclipse_photon/eclipse/gnu mcu eclipse/arm embedded gcc/bin/../lib/gcc/arm-none-eabi/7.3.1/../../../../arm-none-eabi/lib/thumb/v7e-m/fpv4-sp/hard\libg_nano.a(lib_a-strtod.o)
                0x000000001ffd14f8                _strtod_l
 .text._strtod_r
                0x000000001ffd20e0       0x20 c:/users/erth0001/user/gnuarmeclipse_photon/eclipse/gnu mcu eclipse/arm embedded gcc/bin/../lib/gcc/arm-none-eabi/7.3.1/../../../../arm-none-eabi/lib/thumb/v7e-m/fpv4-sp/hard\libg_nano.a(lib_a-strtod.o)
                0x000000001ffd20e0                _strtod_r
 .text._strtol_l.isra.0
                0x000000001ffd2100       0xf6 c:/users/erth0001/user/gnuarmeclipse_photon/eclipse/gnu mcu eclipse/arm embedded gcc/bin/../lib/gcc/arm-none-eabi/7.3.1/../../../../arm-none-eabi/lib/thumb/v7e-m/fpv4-sp/hard\libg_nano.a(lib_a-strtol.o)
 *fill*         0x000000001ffd21f6        0x2 
 .text._strtol_r
                0x000000001ffd21f8       0x24 c:/users/erth0001/user/gnuarmeclipse_photon/eclipse/gnu mcu eclipse/arm embedded gcc/bin/../lib/gcc/arm-none-eabi/7.3.1/../../../../arm-none-eabi/lib/thumb/v7e-m/fpv4-sp/hard\libg_nano.a(lib_a-strtol.o)
                0x000000001ffd21f8                _strtol_r
 .text.quorem   0x000000001ffd221c      0x118 c:/users/erth0001/user/gnuarmeclipse_photon/eclipse/gnu mcu eclipse/arm embedded gcc/bin/../lib/gcc/arm-none-eabi/7.3.1/../../../../arm-none-eabi/lib/thumb/v7e-m/fpv4-sp/hard\libg_nano.a(lib_a-dtoa.o)
 *fill*         0x000000001ffd2334        0x4 
 .text._dtoa_r  0x000000001ffd2338      0xb70 c:/users/erth0001/user/gnuarmeclipse_photon/eclipse/gnu mcu eclipse/arm embedded gcc/bin/../lib/gcc/arm-none-eabi/7.3.1/../../../../arm-none-eabi/lib/thumb/v7e-m/fpv4-sp/hard\libg_nano.a(lib_a-dtoa.o)
                0x000000001ffd2338                _dtoa_r
 .text.std      0x000000001ffd2ea8       0x48 c:/users/erth0001/user/gnuarmeclipse_photon/eclipse/gnu mcu eclipse/arm embedded gcc/bin/../lib/gcc/arm-none-eabi/7.3.1/../../../../arm-none-eabi/lib/thumb/v7e-m/fpv4-sp/hard\libg_nano.a(lib_a-findfp.o)
 .text._cleanup_r
                0x000000001ffd2ef0        0xc c:/users/erth0001/user/gnuarmeclipse_photon/eclipse/gnu mcu eclipse/arm embedded gcc/bin/../lib/gcc/arm-none-eabi/7.3.1/../../../../arm-none-eabi/lib/thumb/v7e-m/fpv4-sp/hard\libg_nano.a(lib_a-findfp.o)
                0x000000001ffd2ef0                _cleanup_r
 .text.__sfmoreglue
                0x000000001ffd2efc       0x2c c:/users/erth0001/user/gnuarmeclipse_photon/eclipse/gnu mcu eclipse/arm embedded gcc/bin/../lib/gcc/arm-none-eabi/7.3.1/../../../../arm-none-eabi/lib/thumb/v7e-m/fpv4-sp/hard\libg_nano.a(lib_a-findfp.o)
                0x000000001ffd2efc                __sfmoreglue
 .text.__sinit  0x000000001ffd2f28       0x60 c:/users/erth0001/user/gnuarmeclipse_photon/eclipse/gnu mcu eclipse/arm embedded gcc/bin/../lib/gcc/arm-none-eabi/7.3.1/../../../../arm-none-eabi/lib/thumb/v7e-m/fpv4-sp/hard\libg_nano.a(lib_a-findfp.o)
                0x000000001ffd2f28                __sinit
 .text.__sfp    0x000000001ffd2f88       0x78 c:/users/erth0001/user/gnuarmeclipse_photon/eclipse/gnu mcu eclipse/arm embedded gcc/bin/../lib/gcc/arm-none-eabi/7.3.1/../../../../arm-none-eabi/lib/thumb/v7e-m/fpv4-sp/hard\libg_nano.a(lib_a-findfp.o)
                0x000000001ffd2f88                __sfp
 .text._fwalk_reent
                0x000000001ffd3000       0x3c c:/users/erth0001/user/gnuarmeclipse_photon/eclipse/gnu mcu eclipse/arm embedded gcc/bin/../lib/gcc/arm-none-eabi/7.3.1/../../../../arm-none-eabi/lib/thumb/v7e-m/fpv4-sp/hard\libg_nano.a(lib_a-fwalk.o)
                0x000000001ffd3000                _fwalk_reent
 .text.rshift   0x000000001ffd303c       0x74 c:/users/erth0001/user/gnuarmeclipse_photon/eclipse/gnu mcu eclipse/arm embedded gcc/bin/../lib/gcc/arm-none-eabi/7.3.1/../../../../arm-none-eabi/lib/thumb/v7e-m/fpv4-sp/hard\libg_nano.a(lib_a-gdtoa-gethex.o)
 .text.__hexdig_fun
                0x000000001ffd30b0       0x2a c:/users/erth0001/user/gnuarmeclipse_photon/eclipse/gnu mcu eclipse/arm embedded gcc/bin/../lib/gcc/arm-none-eabi/7.3.1/../../../../arm-none-eabi/lib/thumb/v7e-m/fpv4-sp/hard\libg_nano.a(lib_a-gdtoa-gethex.o)
                0x000000001ffd30b0                __hexdig_fun
 .text.__gethex
                0x000000001ffd30da      0x442 c:/users/erth0001/user/gnuarmeclipse_photon/eclipse/gnu mcu eclipse/arm embedded gcc/bin/../lib/gcc/arm-none-eabi/7.3.1/../../../../arm-none-eabi/lib/thumb/v7e-m/fpv4-sp/hard\libg_nano.a(lib_a-gdtoa-gethex.o)
                0x000000001ffd30da                __gethex
 .text.L_shift  0x000000001ffd351c       0x24 c:/users/erth0001/user/gnuarmeclipse_photon/eclipse/gnu mcu eclipse/arm embedded gcc/bin/../lib/gcc/arm-none-eabi/7.3.1/../../../../arm-none-eabi/lib/thumb/v7e-m/fpv4-sp/hard\libg_nano.a(lib_a-gdtoa-hexnan.o)
 .text.__match  0x000000001ffd3540       0x28 c:/users/erth0001/user/gnuarmeclipse_photon/eclipse/gnu mcu eclipse/arm embedded gcc/bin/../lib/gcc/arm-none-eabi/7.3.1/../../../../arm-none-eabi/lib/thumb/v7e-m/fpv4-sp/hard\libg_nano.a(lib_a-gdtoa-hexnan.o)
                0x000000001ffd3540                __match
 .text.__hexnan
                0x000000001ffd3568      0x120 c:/users/erth0001/user/gnuarmeclipse_photon/eclipse/gnu mcu eclipse/arm embedded gcc/bin/../lib/gcc/arm-none-eabi/7.3.1/../../../../arm-none-eabi/lib/thumb/v7e-m/fpv4-sp/hard\libg_nano.a(lib_a-gdtoa-hexnan.o)
                0x000000001ffd3568                __hexnan
 .text.__locale_ctype_ptr_l
                0x000000001ffd3688        0x6 c:/users/erth0001/user/gnuarmeclipse_photon/eclipse/gnu mcu eclipse/arm embedded gcc/bin/../lib/gcc/arm-none-eabi/7.3.1/../../../../arm-none-eabi/lib/thumb/v7e-m/fpv4-sp/hard\libg_nano.a(lib_a-locale.o)
                0x000000001ffd3688                __locale_ctype_ptr_l
 .text.__localeconv_l
                0x000000001ffd368e        0x4 c:/users/erth0001/user/gnuarmeclipse_photon/eclipse/gnu mcu eclipse/arm embedded gcc/bin/../lib/gcc/arm-none-eabi/7.3.1/../../../../arm-none-eabi/lib/thumb/v7e-m/fpv4-sp/hard\libg_nano.a(lib_a-localeconv.o)
                0x000000001ffd368e                __localeconv_l
 *fill*         0x000000001ffd3692        0x2 
 .text._localeconv_r
                0x000000001ffd3694       0x1c c:/users/erth0001/user/gnuarmeclipse_photon/eclipse/gnu mcu eclipse/arm embedded gcc/bin/../lib/gcc/arm-none-eabi/7.3.1/../../../../arm-none-eabi/lib/thumb/v7e-m/fpv4-sp/hard\libg_nano.a(lib_a-localeconv.o)
                0x000000001ffd3694                _localeconv_r
 .text.malloc   0x000000001ffd36b0       0x10 c:/users/erth0001/user/gnuarmeclipse_photon/eclipse/gnu mcu eclipse/arm embedded gcc/bin/../lib/gcc/arm-none-eabi/7.3.1/../../../../arm-none-eabi/lib/thumb/v7e-m/fpv4-sp/hard\libg_nano.a(lib_a-malloc.o)
                0x000000001ffd36b0                malloc
 .text.__ascii_mbtowc
                0x000000001ffd36c0       0x24 c:/users/erth0001/user/gnuarmeclipse_photon/eclipse/gnu mcu eclipse/arm embedded gcc/bin/../lib/gcc/arm-none-eabi/7.3.1/../../../../arm-none-eabi/lib/thumb/v7e-m/fpv4-sp/hard\libg_nano.a(lib_a-mbtowc_r.o)
                0x000000001ffd36c0                __ascii_mbtowc
 *fill*         0x000000001ffd36e4        0xc 
 .text          0x000000001ffd36f0       0xa0 c:/users/erth0001/user/gnuarmeclipse_photon/eclipse/gnu mcu eclipse/arm embedded gcc/bin/../lib/gcc/arm-none-eabi/7.3.1/../../../../arm-none-eabi/lib/thumb/v7e-m/fpv4-sp/hard\libg_nano.a(lib_a-memchr.o)
                0x000000001ffd36f0                memchr
 .text.memcpy   0x000000001ffd3790       0x16 c:/users/erth0001/user/gnuarmeclipse_photon/eclipse/gnu mcu eclipse/arm embedded gcc/bin/../lib/gcc/arm-none-eabi/7.3.1/../../../../arm-none-eabi/lib/thumb/v7e-m/fpv4-sp/hard\libg_nano.a(lib_a-memcpy-stub.o)
                0x000000001ffd3790                memcpy
 .text._Balloc  0x000000001ffd37a6       0x68 c:/users/erth0001/user/gnuarmeclipse_photon/eclipse/gnu mcu eclipse/arm embedded gcc/bin/../lib/gcc/arm-none-eabi/7.3.1/../../../../arm-none-eabi/lib/thumb/v7e-m/fpv4-sp/hard\libg_nano.a(lib_a-mprec.o)
                0x000000001ffd37a6                _Balloc
 .text._Bfree   0x000000001ffd380e       0x2e c:/users/erth0001/user/gnuarmeclipse_photon/eclipse/gnu mcu eclipse/arm embedded gcc/bin/../lib/gcc/arm-none-eabi/7.3.1/../../../../arm-none-eabi/lib/thumb/v7e-m/fpv4-sp/hard\libg_nano.a(lib_a-mprec.o)
                0x000000001ffd380e                _Bfree
 .text.__multadd
                0x000000001ffd383c       0x76 c:/users/erth0001/user/gnuarmeclipse_photon/eclipse/gnu mcu eclipse/arm embedded gcc/bin/../lib/gcc/arm-none-eabi/7.3.1/../../../../arm-none-eabi/lib/thumb/v7e-m/fpv4-sp/hard\libg_nano.a(lib_a-mprec.o)
                0x000000001ffd383c                __multadd
 .text.__s2b    0x000000001ffd38b2       0x7c c:/users/erth0001/user/gnuarmeclipse_photon/eclipse/gnu mcu eclipse/arm embedded gcc/bin/../lib/gcc/arm-none-eabi/7.3.1/../../../../arm-none-eabi/lib/thumb/v7e-m/fpv4-sp/hard\libg_nano.a(lib_a-mprec.o)
                0x000000001ffd38b2                __s2b
 .text.__hi0bits
                0x000000001ffd392e       0x3e c:/users/erth0001/user/gnuarmeclipse_photon/eclipse/gnu mcu eclipse/arm embedded gcc/bin/../lib/gcc/arm-none-eabi/7.3.1/../../../../arm-none-eabi/lib/thumb/v7e-m/fpv4-sp/hard\libg_nano.a(lib_a-mprec.o)
                0x000000001ffd392e                __hi0bits
 .text.__lo0bits
                0x000000001ffd396c       0x5e c:/users/erth0001/user/gnuarmeclipse_photon/eclipse/gnu mcu eclipse/arm embedded gcc/bin/../lib/gcc/arm-none-eabi/7.3.1/../../../../arm-none-eabi/lib/thumb/v7e-m/fpv4-sp/hard\libg_nano.a(lib_a-mprec.o)
                0x000000001ffd396c                __lo0bits
 .text.__i2b    0x000000001ffd39ca       0x12 c:/users/erth0001/user/gnuarmeclipse_photon/eclipse/gnu mcu eclipse/arm embedded gcc/bin/../lib/gcc/arm-none-eabi/7.3.1/../../../../arm-none-eabi/lib/thumb/v7e-m/fpv4-sp/hard\libg_nano.a(lib_a-mprec.o)
                0x000000001ffd39ca                __i2b
 .text.__multiply
                0x000000001ffd39dc      0x12c c:/users/erth0001/user/gnuarmeclipse_photon/eclipse/gnu mcu eclipse/arm embedded gcc/bin/../lib/gcc/arm-none-eabi/7.3.1/../../../../arm-none-eabi/lib/thumb/v7e-m/fpv4-sp/hard\libg_nano.a(lib_a-mprec.o)
                0x000000001ffd39dc                __multiply
 .text.__pow5mult
                0x000000001ffd3b08       0x9c c:/users/erth0001/user/gnuarmeclipse_photon/eclipse/gnu mcu eclipse/arm embedded gcc/bin/../lib/gcc/arm-none-eabi/7.3.1/../../../../arm-none-eabi/lib/thumb/v7e-m/fpv4-sp/hard\libg_nano.a(lib_a-mprec.o)
                0x000000001ffd3b08                __pow5mult
 .text.__lshift
                0x000000001ffd3ba4       0xa8 c:/users/erth0001/user/gnuarmeclipse_photon/eclipse/gnu mcu eclipse/arm embedded gcc/bin/../lib/gcc/arm-none-eabi/7.3.1/../../../../arm-none-eabi/lib/thumb/v7e-m/fpv4-sp/hard\libg_nano.a(lib_a-mprec.o)
                0x000000001ffd3ba4                __lshift
 .text.__mcmp   0x000000001ffd3c4c       0x34 c:/users/erth0001/user/gnuarmeclipse_photon/eclipse/gnu mcu eclipse/arm embedded gcc/bin/../lib/gcc/arm-none-eabi/7.3.1/../../../../arm-none-eabi/lib/thumb/v7e-m/fpv4-sp/hard\libg_nano.a(lib_a-mprec.o)
                0x000000001ffd3c4c                __mcmp
 .text.__mdiff  0x000000001ffd3c80       0xba c:/users/erth0001/user/gnuarmeclipse_photon/eclipse/gnu mcu eclipse/arm embedded gcc/bin/../lib/gcc/arm-none-eabi/7.3.1/../../../../arm-none-eabi/lib/thumb/v7e-m/fpv4-sp/hard\libg_nano.a(lib_a-mprec.o)
                0x000000001ffd3c80                __mdiff
 *fill*         0x000000001ffd3d3a        0x2 
 .text.__ulp    0x000000001ffd3d3c       0x50 c:/users/erth0001/user/gnuarmeclipse_photon/eclipse/gnu mcu eclipse/arm embedded gcc/bin/../lib/gcc/arm-none-eabi/7.3.1/../../../../arm-none-eabi/lib/thumb/v7e-m/fpv4-sp/hard\libg_nano.a(lib_a-mprec.o)
                0x000000001ffd3d3c                __ulp
 .text.__b2d    0x000000001ffd3d8c       0x9c c:/users/erth0001/user/gnuarmeclipse_photon/eclipse/gnu mcu eclipse/arm embedded gcc/bin/../lib/gcc/arm-none-eabi/7.3.1/../../../../arm-none-eabi/lib/thumb/v7e-m/fpv4-sp/hard\libg_nano.a(lib_a-mprec.o)
                0x000000001ffd3d8c                __b2d
 .text.__d2b    0x000000001ffd3e28       0x9e c:/users/erth0001/user/gnuarmeclipse_photon/eclipse/gnu mcu eclipse/arm embedded gcc/bin/../lib/gcc/arm-none-eabi/7.3.1/../../../../arm-none-eabi/lib/thumb/v7e-m/fpv4-sp/hard\libg_nano.a(lib_a-mprec.o)
                0x000000001ffd3e28                __d2b
 .text.__ratio  0x000000001ffd3ec6       0x66 c:/users/erth0001/user/gnuarmeclipse_photon/eclipse/gnu mcu eclipse/arm embedded gcc/bin/../lib/gcc/arm-none-eabi/7.3.1/../../../../arm-none-eabi/lib/thumb/v7e-m/fpv4-sp/hard\libg_nano.a(lib_a-mprec.o)
                0x000000001ffd3ec6                __ratio
 .text.__copybits
                0x000000001ffd3f2c       0x34 c:/users/erth0001/user/gnuarmeclipse_photon/eclipse/gnu mcu eclipse/arm embedded gcc/bin/../lib/gcc/arm-none-eabi/7.3.1/../../../../arm-none-eabi/lib/thumb/v7e-m/fpv4-sp/hard\libg_nano.a(lib_a-mprec.o)
                0x000000001ffd3f2c                __copybits
 .text.__any_on
                0x000000001ffd3f60       0x42 c:/users/erth0001/user/gnuarmeclipse_photon/eclipse/gnu mcu eclipse/arm embedded gcc/bin/../lib/gcc/arm-none-eabi/7.3.1/../../../../arm-none-eabi/lib/thumb/v7e-m/fpv4-sp/hard\libg_nano.a(lib_a-mprec.o)
                0x000000001ffd3f60                __any_on
 .text._calloc_r
                0x000000001ffd3fa2       0x1c c:/users/erth0001/user/gnuarmeclipse_photon/eclipse/gnu mcu eclipse/arm embedded gcc/bin/../lib/gcc/arm-none-eabi/7.3.1/../../../../arm-none-eabi/lib/thumb/v7e-m/fpv4-sp/hard\libg_nano.a(lib_a-nano-callocr.o)
                0x000000001ffd3fa2                _calloc_r
 *fill*         0x000000001ffd3fbe        0x2 
 .text._free_r  0x000000001ffd3fc0       0x9c c:/users/erth0001/user/gnuarmeclipse_photon/eclipse/gnu mcu eclipse/arm embedded gcc/bin/../lib/gcc/arm-none-eabi/7.3.1/../../../../arm-none-eabi/lib/thumb/v7e-m/fpv4-sp/hard\libg_nano.a(lib_a-nano-freer.o)
                0x000000001ffd3fc0                _free_r
 .text._malloc_r
                0x000000001ffd405c       0xb4 c:/users/erth0001/user/gnuarmeclipse_photon/eclipse/gnu mcu eclipse/arm embedded gcc/bin/../lib/gcc/arm-none-eabi/7.3.1/../../../../arm-none-eabi/lib/thumb/v7e-m/fpv4-sp/hard\libg_nano.a(lib_a-nano-mallocr.o)
                0x000000001ffd405c                _malloc_r
 .text.__ssputs_r
                0x000000001ffd4110       0xb4 c:/users/erth0001/user/gnuarmeclipse_photon/eclipse/gnu mcu eclipse/arm embedded gcc/bin/../lib/gcc/arm-none-eabi/7.3.1/../../../../arm-none-eabi/lib/thumb/v7e-m/fpv4-sp/hard\libg_nano.a(lib_a-nano-svfprintf.o)
                0x000000001ffd4110                __ssputs_r
 .text._svfprintf_r
                0x000000001ffd41c4      0x1f0 c:/users/erth0001/user/gnuarmeclipse_photon/eclipse/gnu mcu eclipse/arm embedded gcc/bin/../lib/gcc/arm-none-eabi/7.3.1/../../../../arm-none-eabi/lib/thumb/v7e-m/fpv4-sp/hard\libg_nano.a(lib_a-nano-svfprintf.o)
                0x000000001ffd41c4                _svfiprintf_r
                0x000000001ffd41c4                _svfprintf_r
 .text.__sfputc_r
                0x000000001ffd43b4       0x2e c:/users/erth0001/user/gnuarmeclipse_photon/eclipse/gnu mcu eclipse/arm embedded gcc/bin/../lib/gcc/arm-none-eabi/7.3.1/../../../../arm-none-eabi/lib/thumb/v7e-m/fpv4-sp/hard\libg_nano.a(lib_a-nano-vfprintf.o)
 .text.__sfputs_r
                0x000000001ffd43e2       0x24 c:/users/erth0001/user/gnuarmeclipse_photon/eclipse/gnu mcu eclipse/arm embedded gcc/bin/../lib/gcc/arm-none-eabi/7.3.1/../../../../arm-none-eabi/lib/thumb/v7e-m/fpv4-sp/hard\libg_nano.a(lib_a-nano-vfprintf.o)
                0x000000001ffd43e2                __sfputs_r
 *fill*         0x000000001ffd4406        0x2 
 .text._vfprintf_r
                0x000000001ffd4408      0x22c c:/users/erth0001/user/gnuarmeclipse_photon/eclipse/gnu mcu eclipse/arm embedded gcc/bin/../lib/gcc/arm-none-eabi/7.3.1/../../../../arm-none-eabi/lib/thumb/v7e-m/fpv4-sp/hard\libg_nano.a(lib_a-nano-vfprintf.o)
                0x000000001ffd4408                _vfprintf_r
                0x000000001ffd4408                _vfiprintf_r
 .text._sbrk_r  0x000000001ffd4634       0x20 c:/users/erth0001/user/gnuarmeclipse_photon/eclipse/gnu mcu eclipse/arm embedded gcc/bin/../lib/gcc/arm-none-eabi/7.3.1/../../../../arm-none-eabi/lib/thumb/v7e-m/fpv4-sp/hard\libg_nano.a(lib_a-sbrkr.o)
                0x000000001ffd4634                _sbrk_r
 .text.__sread  0x000000001ffd4654       0x22 c:/users/erth0001/user/gnuarmeclipse_photon/eclipse/gnu mcu eclipse/arm embedded gcc/bin/../lib/gcc/arm-none-eabi/7.3.1/../../../../arm-none-eabi/lib/thumb/v7e-m/fpv4-sp/hard\libg_nano.a(lib_a-stdio.o)
                0x000000001ffd4654                __sread
 .text.__swrite
                0x000000001ffd4676       0x38 c:/users/erth0001/user/gnuarmeclipse_photon/eclipse/gnu mcu eclipse/arm embedded gcc/bin/../lib/gcc/arm-none-eabi/7.3.1/../../../../arm-none-eabi/lib/thumb/v7e-m/fpv4-sp/hard\libg_nano.a(lib_a-stdio.o)
                0x000000001ffd4676                __swrite
 .text.__sseek  0x000000001ffd46ae       0x24 c:/users/erth0001/user/gnuarmeclipse_photon/eclipse/gnu mcu eclipse/arm embedded gcc/bin/../lib/gcc/arm-none-eabi/7.3.1/../../../../arm-none-eabi/lib/thumb/v7e-m/fpv4-sp/hard\libg_nano.a(lib_a-stdio.o)
                0x000000001ffd46ae                __sseek
 .text.__sclose
                0x000000001ffd46d2        0x8 c:/users/erth0001/user/gnuarmeclipse_photon/eclipse/gnu mcu eclipse/arm embedded gcc/bin/../lib/gcc/arm-none-eabi/7.3.1/../../../../arm-none-eabi/lib/thumb/v7e-m/fpv4-sp/hard\libg_nano.a(lib_a-stdio.o)
                0x000000001ffd46d2                __sclose
 .text.strncmp  0x000000001ffd46da       0x24 c:/users/erth0001/user/gnuarmeclipse_photon/eclipse/gnu mcu eclipse/arm embedded gcc/bin/../lib/gcc/arm-none-eabi/7.3.1/../../../../arm-none-eabi/lib/thumb/v7e-m/fpv4-sp/hard\libg_nano.a(lib_a-strncmp.o)
                0x000000001ffd46da                strncmp
 *fill*         0x000000001ffd46fe        0x2 
 .text.__swbuf_r
                0x000000001ffd4700       0xa4 c:/users/erth0001/user/gnuarmeclipse_photon/eclipse/gnu mcu eclipse/arm embedded gcc/bin/../lib/gcc/arm-none-eabi/7.3.1/../../../../arm-none-eabi/lib/thumb/v7e-m/fpv4-sp/hard\libg_nano.a(lib_a-wbuf.o)
                0x000000001ffd4700                __swbuf_r
 .text.__ascii_wctomb
                0x000000001ffd47a4       0x1a c:/users/erth0001/user/gnuarmeclipse_photon/eclipse/gnu mcu eclipse/arm embedded gcc/bin/../lib/gcc/arm-none-eabi/7.3.1/../../../../arm-none-eabi/lib/thumb/v7e-m/fpv4-sp/hard\libg_nano.a(lib_a-wctomb_r.o)
                0x000000001ffd47a4                __ascii_wctomb
 *fill*         0x000000001ffd47be        0x2 
 .text._write_r
                0x000000001ffd47c0       0x24 c:/users/erth0001/user/gnuarmeclipse_photon/eclipse/gnu mcu eclipse/arm embedded gcc/bin/../lib/gcc/arm-none-eabi/7.3.1/../../../../arm-none-eabi/lib/thumb/v7e-m/fpv4-sp/hard\libg_nano.a(lib_a-writer.o)
                0x000000001ffd47c0                _write_r
 .text.__swsetup_r
                0x000000001ffd47e4       0xdc c:/users/erth0001/user/gnuarmeclipse_photon/eclipse/gnu mcu eclipse/arm embedded gcc/bin/../lib/gcc/arm-none-eabi/7.3.1/../../../../arm-none-eabi/lib/thumb/v7e-m/fpv4-sp/hard\libg_nano.a(lib_a-wsetup.o)
                0x000000001ffd47e4                __swsetup_r
 .text._close_r
                0x000000001ffd48c0       0x20 c:/users/erth0001/user/gnuarmeclipse_photon/eclipse/gnu mcu eclipse/arm embedded gcc/bin/../lib/gcc/arm-none-eabi/7.3.1/../../../../arm-none-eabi/lib/thumb/v7e-m/fpv4-sp/hard\libg_nano.a(lib_a-closer.o)
                0x000000001ffd48c0                _close_r
 .text.__sflush_r
                0x000000001ffd48e0      0x10c c:/users/erth0001/user/gnuarmeclipse_photon/eclipse/gnu mcu eclipse/arm embedded gcc/bin/../lib/gcc/arm-none-eabi/7.3.1/../../../../arm-none-eabi/lib/thumb/v7e-m/fpv4-sp/hard\libg_nano.a(lib_a-fflush.o)
                0x000000001ffd48e0                __sflush_r
 .text._fflush_r
                0x000000001ffd49ec       0x54 c:/users/erth0001/user/gnuarmeclipse_photon/eclipse/gnu mcu eclipse/arm embedded gcc/bin/../lib/gcc/arm-none-eabi/7.3.1/../../../../arm-none-eabi/lib/thumb/v7e-m/fpv4-sp/hard\libg_nano.a(lib_a-fflush.o)
                0x000000001ffd49ec                _fflush_r
 .text._lseek_r
                0x000000001ffd4a40       0x24 c:/users/erth0001/user/gnuarmeclipse_photon/eclipse/gnu mcu eclipse/arm embedded gcc/bin/../lib/gcc/arm-none-eabi/7.3.1/../../../../arm-none-eabi/lib/thumb/v7e-m/fpv4-sp/hard\libg_nano.a(lib_a-lseekr.o)
                0x000000001ffd4a40                _lseek_r
 .text.__swhatbuf_r
                0x000000001ffd4a64       0x48 c:/users/erth0001/user/gnuarmeclipse_photon/eclipse/gnu mcu eclipse/arm embedded gcc/bin/../lib/gcc/arm-none-eabi/7.3.1/../../../../arm-none-eabi/lib/thumb/v7e-m/fpv4-sp/hard\libg_nano.a(lib_a-makebuf.o)
                0x000000001ffd4a64                __swhatbuf_r
 .text.__smakebuf_r
                0x000000001ffd4aac       0x80 c:/users/erth0001/user/gnuarmeclipse_photon/eclipse/gnu mcu eclipse/arm embedded gcc/bin/../lib/gcc/arm-none-eabi/7.3.1/../../../../arm-none-eabi/lib/thumb/v7e-m/fpv4-sp/hard\libg_nano.a(lib_a-makebuf.o)
                0x000000001ffd4aac                __smakebuf_r
 .text.memmove  0x000000001ffd4b2c       0x32 c:/users/erth0001/user/gnuarmeclipse_photon/eclipse/gnu mcu eclipse/arm embedded gcc/bin/../lib/gcc/arm-none-eabi/7.3.1/../../../../arm-none-eabi/lib/thumb/v7e-m/fpv4-sp/hard\libg_nano.a(lib_a-memmove.o)
                0x000000001ffd4b2c                memmove
 .text.__malloc_lock
                0x000000001ffd4b5e        0x2 c:/users/erth0001/user/gnuarmeclipse_photon/eclipse/gnu mcu eclipse/arm embedded gcc/bin/../lib/gcc/arm-none-eabi/7.3.1/../../../../arm-none-eabi/lib/thumb/v7e-m/fpv4-sp/hard\libg_nano.a(lib_a-mlock.o)
                0x000000001ffd4b5e                __malloc_lock
 .text.__malloc_unlock
                0x000000001ffd4b60        0x2 c:/users/erth0001/user/gnuarmeclipse_photon/eclipse/gnu mcu eclipse/arm embedded gcc/bin/../lib/gcc/arm-none-eabi/7.3.1/../../../../arm-none-eabi/lib/thumb/v7e-m/fpv4-sp/hard\libg_nano.a(lib_a-mlock.o)
                0x000000001ffd4b60                __malloc_unlock
 .text._realloc_r
                0x000000001ffd4b62       0x4c c:/users/erth0001/user/gnuarmeclipse_photon/eclipse/gnu mcu eclipse/arm embedded gcc/bin/../lib/gcc/arm-none-eabi/7.3.1/../../../../arm-none-eabi/lib/thumb/v7e-m/fpv4-sp/hard\libg_nano.a(lib_a-nano-reallocr.o)
                0x000000001ffd4b62                _realloc_r
 *fill*         0x000000001ffd4bae        0x2 
 .text._read_r  0x000000001ffd4bb0       0x24 c:/users/erth0001/user/gnuarmeclipse_photon/eclipse/gnu mcu eclipse/arm embedded gcc/bin/../lib/gcc/arm-none-eabi/7.3.1/../../../../arm-none-eabi/lib/thumb/v7e-m/fpv4-sp/hard\libg_nano.a(lib_a-readr.o)
                0x000000001ffd4bb0                _read_r
 .text._fstat_r
                0x000000001ffd4bd4       0x24 c:/users/erth0001/user/gnuarmeclipse_photon/eclipse/gnu mcu eclipse/arm embedded gcc/bin/../lib/gcc/arm-none-eabi/7.3.1/../../../../arm-none-eabi/lib/thumb/v7e-m/fpv4-sp/hard\libg_nano.a(lib_a-fstatr.o)
                0x000000001ffd4bd4                _fstat_r
 .text._isatty_r
                0x000000001ffd4bf8       0x20 c:/users/erth0001/user/gnuarmeclipse_photon/eclipse/gnu mcu eclipse/arm embedded gcc/bin/../lib/gcc/arm-none-eabi/7.3.1/../../../../arm-none-eabi/lib/thumb/v7e-m/fpv4-sp/hard\libg_nano.a(lib_a-isattyr.o)
                0x000000001ffd4bf8                _isatty_r
 .text._malloc_usable_size_r
                0x000000001ffd4c18       0x10 c:/users/erth0001/user/gnuarmeclipse_photon/eclipse/gnu mcu eclipse/arm embedded gcc/bin/../lib/gcc/arm-none-eabi/7.3.1/../../../../arm-none-eabi/lib/thumb/v7e-m/fpv4-sp/hard\libg_nano.a(lib_a-nano-msizer.o)
                0x000000001ffd4c18                _malloc_usable_size_r
 .text          0x000000001ffd4c28      0x378 c:/users/erth0001/user/gnuarmeclipse_photon/eclipse/gnu mcu eclipse/arm embedded gcc/bin/../lib/gcc/arm-none-eabi/7.3.1/thumb/v7e-m/fpv4-sp/hard\libgcc.a(_arm_addsubdf3.o)
                0x000000001ffd4c28                __aeabi_drsub
                0x000000001ffd4c30                __aeabi_dsub
                0x000000001ffd4c30                __subdf3
                0x000000001ffd4c34                __aeabi_dadd
                0x000000001ffd4c34                __adddf3
                0x000000001ffd4eac                __floatunsidf
                0x000000001ffd4eac                __aeabi_ui2d
                0x000000001ffd4ecc                __floatsidf
                0x000000001ffd4ecc                __aeabi_i2d
                0x000000001ffd4ef0                __aeabi_f2d
                0x000000001ffd4ef0                __extendsfdf2
                0x000000001ffd4f34                __floatundidf
                0x000000001ffd4f34                __aeabi_ul2d
                0x000000001ffd4f44                __floatdidf
                0x000000001ffd4f44                __aeabi_l2d
 .text          0x000000001ffd4fa0      0x424 c:/users/erth0001/user/gnuarmeclipse_photon/eclipse/gnu mcu eclipse/arm embedded gcc/bin/../lib/gcc/arm-none-eabi/7.3.1/thumb/v7e-m/fpv4-sp/hard\libgcc.a(_arm_muldivdf3.o)
                0x000000001ffd4fa0                __aeabi_dmul
                0x000000001ffd4fa0                __muldf3
                0x000000001ffd51f4                __divdf3
                0x000000001ffd51f4                __aeabi_ddiv
 .text          0x000000001ffd53c4      0x110 c:/users/erth0001/user/gnuarmeclipse_photon/eclipse/gnu mcu eclipse/arm embedded gcc/bin/../lib/gcc/arm-none-eabi/7.3.1/thumb/v7e-m/fpv4-sp/hard\libgcc.a(_arm_cmpdf2.o)
                0x000000001ffd53c4                __gtdf2
                0x000000001ffd53c4                __gedf2
                0x000000001ffd53cc                __ltdf2
                0x000000001ffd53cc                __ledf2
                0x000000001ffd53d4                __nedf2
                0x000000001ffd53d4                __eqdf2
                0x000000001ffd53d4                __cmpdf2
                0x000000001ffd5450                __aeabi_cdrcmple
                0x000000001ffd5460                __aeabi_cdcmpeq
                0x000000001ffd5460                __aeabi_cdcmple
                0x000000001ffd5470                __aeabi_dcmpeq
                0x000000001ffd5484                __aeabi_dcmplt
                0x000000001ffd5498                __aeabi_dcmple
                0x000000001ffd54ac                __aeabi_dcmpge
                0x000000001ffd54c0                __aeabi_dcmpgt
 .text          0x000000001ffd54d4       0x2c c:/users/erth0001/user/gnuarmeclipse_photon/eclipse/gnu mcu eclipse/arm embedded gcc/bin/../lib/gcc/arm-none-eabi/7.3.1/thumb/v7e-m/fpv4-sp/hard\libgcc.a(_arm_unorddf2.o)
                0x000000001ffd54d4                __unorddf2
                0x000000001ffd54d4                __aeabi_dcmpun
 .text          0x000000001ffd5500       0x50 c:/users/erth0001/user/gnuarmeclipse_photon/eclipse/gnu mcu eclipse/arm embedded gcc/bin/../lib/gcc/arm-none-eabi/7.3.1/thumb/v7e-m/fpv4-sp/hard\libgcc.a(_arm_fixdfsi.o)
                0x000000001ffd5500                __aeabi_d2iz
                0x000000001ffd5500                __fixdfsi
 .text          0x000000001ffd5550       0x40 c:/users/erth0001/user/gnuarmeclipse_photon/eclipse/gnu mcu eclipse/arm embedded gcc/bin/../lib/gcc/arm-none-eabi/7.3.1/thumb/v7e-m/fpv4-sp/hard\libgcc.a(_arm_fixunsdfsi.o)
                0x000000001ffd5550                __aeabi_d2uiz
                0x000000001ffd5550                __fixunsdfsi
 .text.findslot
                0x000000001ffd5590       0x34 c:/users/erth0001/user/gnuarmeclipse_photon/eclipse/gnu mcu eclipse/arm embedded gcc/bin/../lib/gcc/arm-none-eabi/7.3.1/../../../../arm-none-eabi/lib/thumb/v7e-m/fpv4-sp/hard\librdimon_nano.a(rdimon-syscalls.o)
 .text.checkerror
                0x000000001ffd55c4       0x20 c:/users/erth0001/user/gnuarmeclipse_photon/eclipse/gnu mcu eclipse/arm embedded gcc/bin/../lib/gcc/arm-none-eabi/7.3.1/../../../../arm-none-eabi/lib/thumb/v7e-m/fpv4-sp/hard\librdimon_nano.a(rdimon-syscalls.o)
 .text.error    0x000000001ffd55e4       0x1c c:/users/erth0001/user/gnuarmeclipse_photon/eclipse/gnu mcu eclipse/arm embedded gcc/bin/../lib/gcc/arm-none-eabi/7.3.1/../../../../arm-none-eabi/lib/thumb/v7e-m/fpv4-sp/hard\librdimon_nano.a(rdimon-syscalls.o)
 .text._swiread
                0x000000001ffd5600       0x20 c:/users/erth0001/user/gnuarmeclipse_photon/eclipse/gnu mcu eclipse/arm embedded gcc/bin/../lib/gcc/arm-none-eabi/7.3.1/../../../../arm-none-eabi/lib/thumb/v7e-m/fpv4-sp/hard\librdimon_nano.a(rdimon-syscalls.o)
                0x000000001ffd5600                _swiread
 .text._read    0x000000001ffd5620       0x34 c:/users/erth0001/user/gnuarmeclipse_photon/eclipse/gnu mcu eclipse/arm embedded gcc/bin/../lib/gcc/arm-none-eabi/7.3.1/../../../../arm-none-eabi/lib/thumb/v7e-m/fpv4-sp/hard\librdimon_nano.a(rdimon-syscalls.o)
                0x000000001ffd5620                _read
 .text._swilseek
                0x000000001ffd5654       0x7a c:/users/erth0001/user/gnuarmeclipse_photon/eclipse/gnu mcu eclipse/arm embedded gcc/bin/../lib/gcc/arm-none-eabi/7.3.1/../../../../arm-none-eabi/lib/thumb/v7e-m/fpv4-sp/hard\librdimon_nano.a(rdimon-syscalls.o)
                0x000000001ffd5654                _swilseek
 .text._lseek   0x000000001ffd56ce        0x4 c:/users/erth0001/user/gnuarmeclipse_photon/eclipse/gnu mcu eclipse/arm embedded gcc/bin/../lib/gcc/arm-none-eabi/7.3.1/../../../../arm-none-eabi/lib/thumb/v7e-m/fpv4-sp/hard\librdimon_nano.a(rdimon-syscalls.o)
                0x000000001ffd56ce                _lseek
 .text._swiwrite
                0x000000001ffd56d2       0x20 c:/users/erth0001/user/gnuarmeclipse_photon/eclipse/gnu mcu eclipse/arm embedded gcc/bin/../lib/gcc/arm-none-eabi/7.3.1/../../../../arm-none-eabi/lib/thumb/v7e-m/fpv4-sp/hard\librdimon_nano.a(rdimon-syscalls.o)
                0x000000001ffd56d2                _swiwrite
 .text._write   0x000000001ffd56f2       0x40 c:/users/erth0001/user/gnuarmeclipse_photon/eclipse/gnu mcu eclipse/arm embedded gcc/bin/../lib/gcc/arm-none-eabi/7.3.1/../../../../arm-none-eabi/lib/thumb/v7e-m/fpv4-sp/hard\librdimon_nano.a(rdimon-syscalls.o)
                0x000000001ffd56f2                _write
 .text._swiclose
                0x000000001ffd5732       0x1c c:/users/erth0001/user/gnuarmeclipse_photon/eclipse/gnu mcu eclipse/arm embedded gcc/bin/../lib/gcc/arm-none-eabi/7.3.1/../../../../arm-none-eabi/lib/thumb/v7e-m/fpv4-sp/hard\librdimon_nano.a(rdimon-syscalls.o)
                0x000000001ffd5732                _swiclose
 *fill*         0x000000001ffd574e        0x2 
 .text._close   0x000000001ffd5750       0x4c c:/users/erth0001/user/gnuarmeclipse_photon/eclipse/gnu mcu eclipse/arm embedded gcc/bin/../lib/gcc/arm-none-eabi/7.3.1/../../../../arm-none-eabi/lib/thumb/v7e-m/fpv4-sp/hard\librdimon_nano.a(rdimon-syscalls.o)
                0x000000001ffd5750                _close
 .text._sbrk    0x000000001ffd579c       0x48 c:/users/erth0001/user/gnuarmeclipse_photon/eclipse/gnu mcu eclipse/arm embedded gcc/bin/../lib/gcc/arm-none-eabi/7.3.1/../../../../arm-none-eabi/lib/thumb/v7e-m/fpv4-sp/hard\librdimon_nano.a(rdimon-syscalls.o)
                0x000000001ffd579c                _sbrk
 .text._swistat
                0x000000001ffd57e4       0x42 c:/users/erth0001/user/gnuarmeclipse_photon/eclipse/gnu mcu eclipse/arm embedded gcc/bin/../lib/gcc/arm-none-eabi/7.3.1/../../../../arm-none-eabi/lib/thumb/v7e-m/fpv4-sp/hard\librdimon_nano.a(rdimon-syscalls.o)
                0x000000001ffd57e4                _swistat
 .text._fstat   0x000000001ffd5826       0x1c c:/users/erth0001/user/gnuarmeclipse_photon/eclipse/gnu mcu eclipse/arm embedded gcc/bin/../lib/gcc/arm-none-eabi/7.3.1/../../../../arm-none-eabi/lib/thumb/v7e-m/fpv4-sp/hard\librdimon_nano.a(rdimon-syscalls.o)
                0x000000001ffd5826                _fstat
 .text._stat    0x000000001ffd5842       0x3a c:/users/erth0001/user/gnuarmeclipse_photon/eclipse/gnu mcu eclipse/arm embedded gcc/bin/../lib/gcc/arm-none-eabi/7.3.1/../../../../arm-none-eabi/lib/thumb/v7e-m/fpv4-sp/hard\librdimon_nano.a(rdimon-syscalls.o)
                0x000000001ffd5842                _stat
 .text._swiopen
                0x000000001ffd587c       0xb8 c:/users/erth0001/user/gnuarmeclipse_photon/eclipse/gnu mcu eclipse/arm embedded gcc/bin/../lib/gcc/arm-none-eabi/7.3.1/../../../../arm-none-eabi/lib/thumb/v7e-m/fpv4-sp/hard\librdimon_nano.a(rdimon-syscalls.o)
                0x000000001ffd587c                _swiopen
 .text._get_semihosting_exts
                0x000000001ffd5934       0xb4 c:/users/erth0001/user/gnuarmeclipse_photon/eclipse/gnu mcu eclipse/arm embedded gcc/bin/../lib/gcc/arm-none-eabi/7.3.1/../../../../arm-none-eabi/lib/thumb/v7e-m/fpv4-sp/hard\librdimon_nano.a(rdimon-syscalls.o)
                0x000000001ffd5934                _get_semihosting_exts
 .text.initialise_semihosting_exts
                0x000000001ffd59e8       0x34 c:/users/erth0001/user/gnuarmeclipse_photon/eclipse/gnu mcu eclipse/arm embedded gcc/bin/../lib/gcc/arm-none-eabi/7.3.1/../../../../arm-none-eabi/lib/thumb/v7e-m/fpv4-sp/hard\librdimon_nano.a(rdimon-syscalls.o)
 .text._has_ext_stdout_stderr
                0x000000001ffd5a1c       0x18 c:/users/erth0001/user/gnuarmeclipse_photon/eclipse/gnu mcu eclipse/arm embedded gcc/bin/../lib/gcc/arm-none-eabi/7.3.1/../../../../arm-none-eabi/lib/thumb/v7e-m/fpv4-sp/hard\librdimon_nano.a(rdimon-syscalls.o)
                0x000000001ffd5a1c                _has_ext_stdout_stderr
 .text.initialise_monitor_handles
                0x000000001ffd5a34       0xbc c:/users/erth0001/user/gnuarmeclipse_photon/eclipse/gnu mcu eclipse/arm embedded gcc/bin/../lib/gcc/arm-none-eabi/7.3.1/../../../../arm-none-eabi/lib/thumb/v7e-m/fpv4-sp/hard\librdimon_nano.a(rdimon-syscalls.o)
                0x000000001ffd5a34                initialise_monitor_handles
 .text._isatty  0x000000001ffd5af0       0x38 c:/users/erth0001/user/gnuarmeclipse_photon/eclipse/gnu mcu eclipse/arm embedded gcc/bin/../lib/gcc/arm-none-eabi/7.3.1/../../../../arm-none-eabi/lib/thumb/v7e-m/fpv4-sp/hard\librdimon_nano.a(rdimon-syscalls.o)
                0x000000001ffd5af0                _isatty
 .text.__errno  0x000000001ffd5b28        0xc c:/users/erth0001/user/gnuarmeclipse_photon/eclipse/gnu mcu eclipse/arm embedded gcc/bin/../lib/gcc/arm-none-eabi/7.3.1/../../../../arm-none-eabi/lib/thumb/v7e-m/fpv4-sp/hard\libc_nano.a(lib_a-errno.o)
                0x000000001ffd5b28                __errno
 *(.plt)
 *(.gnu.warning)
 *(.glue_7t)
 .glue_7t       0x000000001ffd5b34        0x0 linker stubs
 *(.glue_7)
 .glue_7        0x000000001ffd5b34        0x0 linker stubs
 *(.vfp11_veneer)
 .vfp11_veneer  0x000000001ffd5b34        0x0 linker stubs
 *(.rodata .rodata.* .gnu.linkonce.r.*)
 .rodata        0x000000001ffd5b34        0xe ./src/Examples/Semihosting.o
 .rodata._printf_float.str1.1
                0x000000001ffd5b42       0x12 c:/users/erth0001/user/gnuarmeclipse_photon/eclipse/gnu mcu eclipse/arm embedded gcc/bin/../lib/gcc/arm-none-eabi/7.3.1/../../../../arm-none-eabi/lib/thumb/v7e-m/fpv4-sp/hard\libg_nano.a(lib_a-nano-vfprintf_float.o)
 .rodata._printf_i.str1.1
                0x000000001ffd5b54       0x22 c:/users/erth0001/user/gnuarmeclipse_photon/eclipse/gnu mcu eclipse/arm embedded gcc/bin/../lib/gcc/arm-none-eabi/7.3.1/../../../../arm-none-eabi/lib/thumb/v7e-m/fpv4-sp/hard\libg_nano.a(lib_a-nano-vfprintf_i.o)
 .rodata._scanf_float.str1.1
                0x000000001ffd5b76        0x5 c:/users/erth0001/user/gnuarmeclipse_photon/eclipse/gnu mcu eclipse/arm embedded gcc/bin/../lib/gcc/arm-none-eabi/7.3.1/../../../../arm-none-eabi/lib/thumb/v7e-m/fpv4-sp/hard\libg_nano.a(lib_a-nano-vfscanf_float.o)
 .rodata._strtod_l.str1.1
                0x000000001ffd5b7b        0x5 c:/users/erth0001/user/gnuarmeclipse_photon/eclipse/gnu mcu eclipse/arm embedded gcc/bin/../lib/gcc/arm-none-eabi/7.3.1/../../../../arm-none-eabi/lib/thumb/v7e-m/fpv4-sp/hard\libg_nano.a(lib_a-strtod.o)
                                          0xc (size before relaxing)
 *fill*         0x000000001ffd5b7b        0x1 
 .rodata.fpi.7435
                0x000000001ffd5b7c       0x14 c:/users/erth0001/user/gnuarmeclipse_photon/eclipse/gnu mcu eclipse/arm embedded gcc/bin/../lib/gcc/arm-none-eabi/7.3.1/../../../../arm-none-eabi/lib/thumb/v7e-m/fpv4-sp/hard\libg_nano.a(lib_a-strtod.o)
 .rodata.fpinan.7471
                0x000000001ffd5b90       0x14 c:/users/erth0001/user/gnuarmeclipse_photon/eclipse/gnu mcu eclipse/arm embedded gcc/bin/../lib/gcc/arm-none-eabi/7.3.1/../../../../arm-none-eabi/lib/thumb/v7e-m/fpv4-sp/hard\libg_nano.a(lib_a-strtod.o)
 *fill*         0x000000001ffd5ba4        0x4 
 .rodata.tinytens
                0x000000001ffd5ba8       0x28 c:/users/erth0001/user/gnuarmeclipse_photon/eclipse/gnu mcu eclipse/arm embedded gcc/bin/../lib/gcc/arm-none-eabi/7.3.1/../../../../arm-none-eabi/lib/thumb/v7e-m/fpv4-sp/hard\libg_nano.a(lib_a-strtod.o)
 .rodata._dtoa_r.str1.1
                0x000000001ffd5bd0        0xd c:/users/erth0001/user/gnuarmeclipse_photon/eclipse/gnu mcu eclipse/arm embedded gcc/bin/../lib/gcc/arm-none-eabi/7.3.1/../../../../arm-none-eabi/lib/thumb/v7e-m/fpv4-sp/hard\libg_nano.a(lib_a-dtoa.o)
                                          0xf (size before relaxing)
 *fill*         0x000000001ffd5bdd        0x3 
 .rodata.__sf_fake_stderr
                0x000000001ffd5be0       0x20 c:/users/erth0001/user/gnuarmeclipse_photon/eclipse/gnu mcu eclipse/arm embedded gcc/bin/../lib/gcc/arm-none-eabi/7.3.1/../../../../arm-none-eabi/lib/thumb/v7e-m/fpv4-sp/hard\libg_nano.a(lib_a-findfp.o)
                0x000000001ffd5be0                __sf_fake_stderr
 .rodata.__sf_fake_stdin
                0x000000001ffd5c00       0x20 c:/users/erth0001/user/gnuarmeclipse_photon/eclipse/gnu mcu eclipse/arm embedded gcc/bin/../lib/gcc/arm-none-eabi/7.3.1/../../../../arm-none-eabi/lib/thumb/v7e-m/fpv4-sp/hard\libg_nano.a(lib_a-findfp.o)
                0x000000001ffd5c00                __sf_fake_stdin
 .rodata.__sf_fake_stdout
                0x000000001ffd5c20       0x20 c:/users/erth0001/user/gnuarmeclipse_photon/eclipse/gnu mcu eclipse/arm embedded gcc/bin/../lib/gcc/arm-none-eabi/7.3.1/../../../../arm-none-eabi/lib/thumb/v7e-m/fpv4-sp/hard\libg_nano.a(lib_a-findfp.o)
                0x000000001ffd5c20                __sf_fake_stdout
 .rodata._global_impure_ptr
                0x000000001ffd5c40        0x4 c:/users/erth0001/user/gnuarmeclipse_photon/eclipse/gnu mcu eclipse/arm embedded gcc/bin/../lib/gcc/arm-none-eabi/7.3.1/../../../../arm-none-eabi/lib/thumb/v7e-m/fpv4-sp/hard\libg_nano.a(lib_a-impure.o)
                0x000000001ffd5c40                _global_impure_ptr
 .rodata._setlocale_r.str1.1
                0x000000001ffd5c44        0x8 c:/users/erth0001/user/gnuarmeclipse_photon/eclipse/gnu mcu eclipse/arm embedded gcc/bin/../lib/gcc/arm-none-eabi/7.3.1/../../../../arm-none-eabi/lib/thumb/v7e-m/fpv4-sp/hard\libg_nano.a(lib_a-locale.o)
                                          0x9 (size before relaxing)
 .rodata.str1.1
                0x000000001ffd5c4c        0x2 c:/users/erth0001/user/gnuarmeclipse_photon/eclipse/gnu mcu eclipse/arm embedded gcc/bin/../lib/gcc/arm-none-eabi/7.3.1/../../../../arm-none-eabi/lib/thumb/v7e-m/fpv4-sp/hard\libg_nano.a(lib_a-locale.o)
 *fill*         0x000000001ffd5c4e        0x2 
 .rodata.__mprec_bigtens
                0x000000001ffd5c50       0x28 c:/users/erth0001/user/gnuarmeclipse_photon/eclipse/gnu mcu eclipse/arm embedded gcc/bin/../lib/gcc/arm-none-eabi/7.3.1/../../../../arm-none-eabi/lib/thumb/v7e-m/fpv4-sp/hard\libg_nano.a(lib_a-mprec.o)
                0x000000001ffd5c50                __mprec_bigtens
 .rodata.__mprec_tens
                0x000000001ffd5c78       0xc8 c:/users/erth0001/user/gnuarmeclipse_photon/eclipse/gnu mcu eclipse/arm embedded gcc/bin/../lib/gcc/arm-none-eabi/7.3.1/../../../../arm-none-eabi/lib/thumb/v7e-m/fpv4-sp/hard\libg_nano.a(lib_a-mprec.o)
                0x000000001ffd5c78                __mprec_tens
 .rodata.p05.7359
                0x000000001ffd5d40        0xc c:/users/erth0001/user/gnuarmeclipse_photon/eclipse/gnu mcu eclipse/arm embedded gcc/bin/../lib/gcc/arm-none-eabi/7.3.1/../../../../arm-none-eabi/lib/thumb/v7e-m/fpv4-sp/hard\libg_nano.a(lib_a-mprec.o)
 .rodata._svfprintf_r.str1.1
                0x000000001ffd5d4c       0x11 c:/users/erth0001/user/gnuarmeclipse_photon/eclipse/gnu mcu eclipse/arm embedded gcc/bin/../lib/gcc/arm-none-eabi/7.3.1/../../../../arm-none-eabi/lib/thumb/v7e-m/fpv4-sp/hard\libg_nano.a(lib_a-nano-svfprintf.o)
 .rodata._vfprintf_r.str1.1
                0x000000001ffd5d5d       0x11 c:/users/erth0001/user/gnuarmeclipse_photon/eclipse/gnu mcu eclipse/arm embedded gcc/bin/../lib/gcc/arm-none-eabi/7.3.1/../../../../arm-none-eabi/lib/thumb/v7e-m/fpv4-sp/hard\libg_nano.a(lib_a-nano-vfprintf.o)
 .rodata._ctype_
                0x000000001ffd5d5d      0x101 c:/users/erth0001/user/gnuarmeclipse_photon/eclipse/gnu mcu eclipse/arm embedded gcc/bin/../lib/gcc/arm-none-eabi/7.3.1/../../../../arm-none-eabi/lib/thumb/v7e-m/fpv4-sp/hard\libg_nano.a(lib_a-ctype_.o)
                0x000000001ffd5d5d                _ctype_
 .rodata._get_semihosting_exts.str1.1
                0x000000001ffd5e5e       0x16 c:/users/erth0001/user/gnuarmeclipse_photon/eclipse/gnu mcu eclipse/arm embedded gcc/bin/../lib/gcc/arm-none-eabi/7.3.1/../../../../arm-none-eabi/lib/thumb/v7e-m/fpv4-sp/hard\librdimon_nano.a(rdimon-syscalls.o)
 .rodata.initialise_monitor_handles.str1.1
                0x000000001ffd5e74        0x4 c:/users/erth0001/user/gnuarmeclipse_photon/eclipse/gnu mcu eclipse/arm embedded gcc/bin/../lib/gcc/arm-none-eabi/7.3.1/../../../../arm-none-eabi/lib/thumb/v7e-m/fpv4-sp/hard\librdimon_nano.a(rdimon-syscalls.o)
 *(.ARM.extab* .gnu.linkonce.armextab.*)
 *(.gcc_except_table)
 *(.eh_frame_hdr)
 *(.eh_frame)
                0x000000001ffd5e78                . = ALIGN (0x4)
 *(.init)
                0x000000001ffd5e78                . = ALIGN (0x4)
                0x000000001ffd5e78                __preinit_array_start = .
 *(.preinit_array)
                0x000000001ffd5e78                __preinit_array_end = .
                0x000000001ffd5e78                . = ALIGN (0x4)
                0x000000001ffd5e78                __init_array_start = .
 *(SORT_BY_NAME(.init_array.*))
 *(.init_array)
                0x000000001ffd5e78                __init_array_end = .
                0x000000001ffd5e78                . = ALIGN (0x4)
 *crtbegin.o(.ctors)
 *(EXCLUDE_FILE(*crtend.o) .ctors)
 *(SORT_BY_NAME(.ctors.*))
 *crtend.o(.ctors)
                0x000000001ffd5e78                . = ALIGN (0x4)
 *(.fini)
                0x000000001ffd5e78                . = ALIGN (0x4)
                0x000000001ffd5e78                __fini_array_start = .
 *(.fini_array)
 *(SORT_BY_NAME(.fini_array.*))
                0x000000001ffd5e78                __fini_array_end = .
 *crtbegin.o(.dtors)
 *(EXCLUDE_FILE(*crtend.o) .dtors)
 *(SORT_BY_NAME(.dtors.*))
 *crtend.o(.dtors)
                0x000000001ffd5e78                . = ALIGN (0x4)
                0x000000001ffd5e78                __FM_regions = .
                0x000000001ffd5e78        0x4 LONG 0x0
                0x000000001ffd5e7c        0x4 LONG 0x1ffd5e98 __FM_region_init_ram
                0x000000001ffd5e80        0x4 LONG 0x1ffd0000 __FM_region_start_ram
                0x000000001ffd5e84        0x4 LONG 0x210 __FM_region_init_size_ram
                0x000000001ffd5e88        0x4 LONG 0xd0 __FM_region_zero_size_ram
                0x000000001ffd5e8c                __exidx_start = .

.v4_bx          0x000000001ffd5e8c        0x0
 .v4_bx         0x000000001ffd5e8c        0x0 linker stubs

.iplt           0x000000001ffd5e8c        0x0
 .iplt          0x000000001ffd5e8c        0x0 ./system/include/S6E2CCA/startup/startup_s6e2cc.o

.ARM.exidx      0x000000001ffd5e8c        0x8
 *(.ARM.exidx* .gnu.linkonce.armexidx.*)
 .ARM.exidx.FM.reset
                0x000000001ffd5e8c        0x8 ./system/include/S6E2CCA/startup/startup_s6e2cc.o
                0x000000001ffd5e94                __exidx_end = .

.rel.dyn        0x000000001ffd5e94        0x0
 .rel.iplt      0x000000001ffd5e94        0x0 ./system/include/S6E2CCA/startup/startup_s6e2cc.o

.text.align     0x000000001ffd5e94        0x4
                0x000000001ffd5e98                . = ALIGN (0x8)
 *fill*         0x000000001ffd5e94        0x4 
                0x000000001ffd5e98                _etext = .
                0x0000000000200000                __FM_region_size_rom = LENGTH (ROM)
                0x0000000000000001                __FM_region_num = 0x1

.data           0x000000001ffd5e98      0x210
                0x000000001ffd5e98                _sdata = .
                0x000000001ffd5e98                __FM_region_start_ram = .
 *(.FM.region-head.RAM)
 *(.jcr)
 *(.got.plt)
 *(.got)
 *(.shdata)
 *(.data .data.* .gnu.linkonce.d.*)
 .data.m_astcI2sInstanceDataLut
                0x000000001ffd5e98       0x30 ./system/include/S6E2CCA/PDL/i2s.o
                0x000000001ffd5e98                m_astcI2sInstanceDataLut
 .data._impure_ptr
                0x000000001ffd5ec8        0x4 c:/users/erth0001/user/gnuarmeclipse_photon/eclipse/gnu mcu eclipse/arm embedded gcc/bin/../lib/gcc/arm-none-eabi/7.3.1/../../../../arm-none-eabi/lib/thumb/v7e-m/fpv4-sp/hard\libg_nano.a(lib_a-impure.o)
                0x000000001ffd5ec8                _impure_ptr
 .data.impure_data
                0x000000001ffd5ecc       0x60 c:/users/erth0001/user/gnuarmeclipse_photon/eclipse/gnu mcu eclipse/arm embedded gcc/bin/../lib/gcc/arm-none-eabi/7.3.1/../../../../arm-none-eabi/lib/thumb/v7e-m/fpv4-sp/hard\libg_nano.a(lib_a-impure.o)
 .data.__global_locale
                0x000000001ffd5f2c      0x16c c:/users/erth0001/user/gnuarmeclipse_photon/eclipse/gnu mcu eclipse/arm embedded gcc/bin/../lib/gcc/arm-none-eabi/7.3.1/../../../../arm-none-eabi/lib/thumb/v7e-m/fpv4-sp/hard\libg_nano.a(lib_a-locale.o)
                0x000000001ffd5f2c                __global_locale
 .data.__heap_limit
                0x000000001ffd6098        0x4 c:/users/erth0001/user/gnuarmeclipse_photon/eclipse/gnu mcu eclipse/arm embedded gcc/bin/../lib/gcc/arm-none-eabi/7.3.1/../../../../arm-none-eabi/lib/thumb/v7e-m/fpv4-sp/hard\librdimon_nano.a(rdimon-syscalls.o)
                0x000000001ffd6098                __heap_limit
 .data.supports_ext_exit_extended
                0x000000001ffd609c        0x4 c:/users/erth0001/user/gnuarmeclipse_photon/eclipse/gnu mcu eclipse/arm embedded gcc/bin/../lib/gcc/arm-none-eabi/7.3.1/../../../../arm-none-eabi/lib/thumb/v7e-m/fpv4-sp/hard\librdimon_nano.a(rdimon-syscalls.o)
 .data.supports_ext_stdout_stderr
                0x000000001ffd60a0        0x4 c:/users/erth0001/user/gnuarmeclipse_photon/eclipse/gnu mcu eclipse/arm embedded gcc/bin/../lib/gcc/arm-none-eabi/7.3.1/../../../../arm-none-eabi/lib/thumb/v7e-m/fpv4-sp/hard\librdimon_nano.a(rdimon-syscalls.o)
 *(.RAM)
                0x000000001ffd60a8                . = ALIGN (0x8)
 *fill*         0x000000001ffd60a4        0x4 
                0x000000001ffd60a8                _edata = .
                0x0000000000000210                data_size = (_edata - _sdata)

.igot.plt       0x000000001ffd60a8        0x0
 .igot.plt      0x000000001ffd60a8        0x0 ./system/include/S6E2CCA/startup/startup_s6e2cc.o

.bss            0x000000001ffd60a8       0xd0
                0x000000001ffd60a8                _sbss = .
 *(.shbss)
 *(.bss .bss.* .gnu.linkonce.b.*)
 .bss.stcDstcInternData
                0x000000001ffd60a8       0x10 ./system/include/S6E2CCA/PDL/dstc.o
 .bss.u32IoRegisterRead.55935
                0x000000001ffd60b8        0x4 ./system/include/S6E2CCA/PDL/system_s6e2cc.o
 .bss.__malloc_free_list
                0x000000001ffd60bc        0x4 c:/users/erth0001/user/gnuarmeclipse_photon/eclipse/gnu mcu eclipse/arm embedded gcc/bin/../lib/gcc/arm-none-eabi/7.3.1/../../../../arm-none-eabi/lib/thumb/v7e-m/fpv4-sp/hard\libg_nano.a(lib_a-nano-mallocr.o)
                0x000000001ffd60bc                __malloc_free_list
 .bss.__malloc_sbrk_start
                0x000000001ffd60c0        0x4 c:/users/erth0001/user/gnuarmeclipse_photon/eclipse/gnu mcu eclipse/arm embedded gcc/bin/../lib/gcc/arm-none-eabi/7.3.1/../../../../arm-none-eabi/lib/thumb/v7e-m/fpv4-sp/hard\libg_nano.a(lib_a-nano-mallocr.o)
                0x000000001ffd60c0                __malloc_sbrk_start
 .bss.heap_end.7522
                0x000000001ffd60c4        0x4 c:/users/erth0001/user/gnuarmeclipse_photon/eclipse/gnu mcu eclipse/arm embedded gcc/bin/../lib/gcc/arm-none-eabi/7.3.1/../../../../arm-none-eabi/lib/thumb/v7e-m/fpv4-sp/hard\librdimon_nano.a(rdimon-syscalls.o)
 .bss.monitor_stderr
                0x000000001ffd60c8        0x4 c:/users/erth0001/user/gnuarmeclipse_photon/eclipse/gnu mcu eclipse/arm embedded gcc/bin/../lib/gcc/arm-none-eabi/7.3.1/../../../../arm-none-eabi/lib/thumb/v7e-m/fpv4-sp/hard\librdimon_nano.a(rdimon-syscalls.o)
 .bss.monitor_stdin
                0x000000001ffd60cc        0x4 c:/users/erth0001/user/gnuarmeclipse_photon/eclipse/gnu mcu eclipse/arm embedded gcc/bin/../lib/gcc/arm-none-eabi/7.3.1/../../../../arm-none-eabi/lib/thumb/v7e-m/fpv4-sp/hard\librdimon_nano.a(rdimon-syscalls.o)
 .bss.monitor_stdout
                0x000000001ffd60d0        0x4 c:/users/erth0001/user/gnuarmeclipse_photon/eclipse/gnu mcu eclipse/arm embedded gcc/bin/../lib/gcc/arm-none-eabi/7.3.1/../../../../arm-none-eabi/lib/thumb/v7e-m/fpv4-sp/hard\librdimon_nano.a(rdimon-syscalls.o)
 .bss.openfiles
                0x000000001ffd60d4       0xa0 c:/users/erth0001/user/gnuarmeclipse_photon/eclipse/gnu mcu eclipse/arm embedded gcc/bin/../lib/gcc/arm-none-eabi/7.3.1/../../../../arm-none-eabi/lib/thumb/v7e-m/fpv4-sp/hard\librdimon_nano.a(rdimon-syscalls.o)
 *(COMMON)
 COMMON         0x000000001ffd6174        0x4 c:/users/erth0001/user/gnuarmeclipse_photon/eclipse/gnu mcu eclipse/arm embedded gcc/bin/../lib/gcc/arm-none-eabi/7.3.1/../../../../arm-none-eabi/lib/thumb/v7e-m/fpv4-sp/hard\libg_nano.a(lib_a-reent.o)
                0x000000001ffd6174                errno
                0x000000001ffd6178                _ebss = .
 *(.RAM.b)
                0x000000001ffd6178                . = ALIGN (0x8)
                0x000000001ffd6178                end = .
                0x000000001ffd6178                _end = .
                0x000000001ffd6178                __end = .
                0x00000000000000d0                bss_size = (_ebss - _sbss)

.heap           0x000000001ffd6178      0x400
 *(.heap)
 .heap          0x000000001ffd6178      0x400 ./system/include/S6E2CCA/startup/startup_s6e2cc.o
                0x000000001ffd6178                __FM_heap_start
                0x000000001ffd6578                __FM_heap_end

.stack          0x0000000020005a98      0x400
 *(.stack)
 *fill*         0x0000000020005a98        0x0 
 .stack         0x0000000020005a98      0x400 ./system/include/S6E2CCA/startup/startup_s6e2cc.o
                0x0000000020005a98                __FM_stack_mem
                0x000000001ffd5e98                __FM_region_init_ram = LOADADDR (.data)
                0x0000000000000210                __FM_region_init_size_ram = (_edata - __FM_region_start_ram)
                0x00000000000000d0                __FM_region_zero_size_ram = (_end - _edata)
                0x0000000000030000                __FM_region_size_ram = LENGTH (RAM)
                0x0000000000000001                __FM_region_num = 0x1

.stab
 *(.stab)

.stabstr
 *(.stabstr)

.debug
 *(.debug)

.line
 *(.line)

.debug_srcinfo
 *(.debug_srcinfo)

.debug_sfnames
 *(.debug_sfnames)

.debug_aranges  0x0000000000000000      0x298
 *(.debug_aranges)
 .debug_aranges
                0x0000000000000000       0x28 ./system/include/S6E2CCA/startup/startup_s6e2cc.o
 .debug_aranges
                0x0000000000000028       0xe0 ./system/include/S6E2CCA/PDL/dstc.o
 .debug_aranges
                0x0000000000000108      0x118 ./system/include/S6E2CCA/PDL/i2s.o
 .debug_aranges
                0x0000000000000220       0x30 ./system/include/S6E2CCA/PDL/interrupts_fm4_type_b.o
 .debug_aranges
                0x0000000000000250       0x28 ./system/include/S6E2CCA/PDL/system_s6e2cc.o
 .debug_aranges
                0x0000000000000278       0x20 ./src/Examples/Semihosting.o

.debug_pubnames
 *(.debug_pubnames)

.debug_info     0x0000000000000000    0x1c37a
 *(.debug_info .gnu.linkonce.wi.*)
 .debug_info    0x0000000000000000       0x22 ./system/include/S6E2CCA/startup/startup_s6e2cc.o
 .debug_info    0x0000000000000022     0x37af ./system/include/S6E2CCA/PDL/dstc.o
 .debug_info    0x00000000000037d1     0x3cdf ./system/include/S6E2CCA/PDL/i2s.o
 .debug_info    0x00000000000074b0     0xc75e ./system/include/S6E2CCA/PDL/interrupts_fm4_type_b.o
 .debug_info    0x0000000000013c0e     0x7ebe ./system/include/S6E2CCA/PDL/system_s6e2cc.o
 .debug_info    0x000000000001bacc      0x8ae ./src/Examples/Semihosting.o

.debug_abbrev   0x0000000000000000      0xa8e
 *(.debug_abbrev)
 .debug_abbrev  0x0000000000000000       0x12 ./system/include/S6E2CCA/startup/startup_s6e2cc.o
 .debug_abbrev  0x0000000000000012      0x2b4 ./system/include/S6E2CCA/PDL/dstc.o
 .debug_abbrev  0x00000000000002c6      0x2d6 ./system/include/S6E2CCA/PDL/i2s.o
 .debug_abbrev  0x000000000000059c      0x1a9 ./system/include/S6E2CCA/PDL/interrupts_fm4_type_b.o
 .debug_abbrev  0x0000000000000745      0x1ae ./system/include/S6E2CCA/PDL/system_s6e2cc.o
 .debug_abbrev  0x00000000000008f3      0x19b ./src/Examples/Semihosting.o

.debug_line     0x0000000000000000     0x149a
 *(.debug_line)
 .debug_line    0x0000000000000000       0xb1 ./system/include/S6E2CCA/startup/startup_s6e2cc.o
 .debug_line    0x00000000000000b1      0x552 ./system/include/S6E2CCA/PDL/dstc.o
 .debug_line    0x0000000000000603      0x62a ./system/include/S6E2CCA/PDL/i2s.o
 .debug_line    0x0000000000000c2d      0x286 ./system/include/S6E2CCA/PDL/interrupts_fm4_type_b.o
 .debug_line    0x0000000000000eb3      0x264 ./system/include/S6E2CCA/PDL/system_s6e2cc.o
 .debug_line    0x0000000000001117      0x383 ./src/Examples/Semihosting.o

.debug_frame    0x0000000000000000     0x2040
 *(.debug_frame)
 .debug_frame   0x0000000000000000      0x3e4 ./system/include/S6E2CCA/PDL/dstc.o
 .debug_frame   0x00000000000003e4      0x4e0 ./system/include/S6E2CCA/PDL/i2s.o
 .debug_frame   0x00000000000008c4       0x6c ./system/include/S6E2CCA/PDL/interrupts_fm4_type_b.o
 .debug_frame   0x0000000000000930       0x58 ./system/include/S6E2CCA/PDL/system_s6e2cc.o
 .debug_frame   0x0000000000000988       0x2c ./src/Examples/Semihosting.o
 .debug_frame   0x00000000000009b4       0x24 c:/users/erth0001/user/gnuarmeclipse_photon/eclipse/gnu mcu eclipse/arm embedded gcc/bin/../lib/gcc/arm-none-eabi/7.3.1/thumb/v7e-m/fpv4-sp/hard\libgcc.a(_arm_truncdfsf2.o)
 .debug_frame   0x00000000000009d8       0x20 c:/users/erth0001/user/gnuarmeclipse_photon/eclipse/gnu mcu eclipse/arm embedded gcc/bin/../lib/gcc/arm-none-eabi/7.3.1/../../../../arm-none-eabi/lib/thumb/v7e-m/fpv4-sp/hard\libg_nano.a(lib_a-memset.o)
 .debug_frame   0x00000000000009f8       0x8c c:/users/erth0001/user/gnuarmeclipse_photon/eclipse/gnu mcu eclipse/arm embedded gcc/bin/../lib/gcc/arm-none-eabi/7.3.1/../../../../arm-none-eabi/lib/thumb/v7e-m/fpv4-sp/hard\libg_nano.a(lib_a-nano-vfprintf_float.o)
 .debug_frame   0x0000000000000a84       0x60 c:/users/erth0001/user/gnuarmeclipse_photon/eclipse/gnu mcu eclipse/arm embedded gcc/bin/../lib/gcc/arm-none-eabi/7.3.1/../../../../arm-none-eabi/lib/thumb/v7e-m/fpv4-sp/hard\libg_nano.a(lib_a-nano-vfprintf_i.o)
 .debug_frame   0x0000000000000ae4       0x40 c:/users/erth0001/user/gnuarmeclipse_photon/eclipse/gnu mcu eclipse/arm embedded gcc/bin/../lib/gcc/arm-none-eabi/7.3.1/../../../../arm-none-eabi/lib/thumb/v7e-m/fpv4-sp/hard\libg_nano.a(lib_a-nano-vfscanf_float.o)
 .debug_frame   0x0000000000000b24       0x74 c:/users/erth0001/user/gnuarmeclipse_photon/eclipse/gnu mcu eclipse/arm embedded gcc/bin/../lib/gcc/arm-none-eabi/7.3.1/../../../../arm-none-eabi/lib/thumb/v7e-m/fpv4-sp/hard\libg_nano.a(lib_a-printf.o)
 .debug_frame   0x0000000000000b98       0x20 c:/users/erth0001/user/gnuarmeclipse_photon/eclipse/gnu mcu eclipse/arm embedded gcc/bin/../lib/gcc/arm-none-eabi/7.3.1/../../../../arm-none-eabi/lib/thumb/v7e-m/fpv4-sp/hard\libg_nano.a(lib_a-sf_nan.o)
 .debug_frame   0x0000000000000bb8       0x6c c:/users/erth0001/user/gnuarmeclipse_photon/eclipse/gnu mcu eclipse/arm embedded gcc/bin/../lib/gcc/arm-none-eabi/7.3.1/../../../../arm-none-eabi/lib/thumb/v7e-m/fpv4-sp/hard\libg_nano.a(lib_a-sprintf.o)
 .debug_frame   0x0000000000000c24      0x12c c:/users/erth0001/user/gnuarmeclipse_photon/eclipse/gnu mcu eclipse/arm embedded gcc/bin/../lib/gcc/arm-none-eabi/7.3.1/../../../../arm-none-eabi/lib/thumb/v7e-m/fpv4-sp/hard\libg_nano.a(lib_a-strtod.o)
 .debug_frame   0x0000000000000d50       0x84 c:/users/erth0001/user/gnuarmeclipse_photon/eclipse/gnu mcu eclipse/arm embedded gcc/bin/../lib/gcc/arm-none-eabi/7.3.1/../../../../arm-none-eabi/lib/thumb/v7e-m/fpv4-sp/hard\libg_nano.a(lib_a-strtol.o)
 .debug_frame   0x0000000000000dd4       0x70 c:/users/erth0001/user/gnuarmeclipse_photon/eclipse/gnu mcu eclipse/arm embedded gcc/bin/../lib/gcc/arm-none-eabi/7.3.1/../../../../arm-none-eabi/lib/thumb/v7e-m/fpv4-sp/hard\libg_nano.a(lib_a-dtoa.o)
 .debug_frame   0x0000000000000e44      0x11c c:/users/erth0001/user/gnuarmeclipse_photon/eclipse/gnu mcu eclipse/arm embedded gcc/bin/../lib/gcc/arm-none-eabi/7.3.1/../../../../arm-none-eabi/lib/thumb/v7e-m/fpv4-sp/hard\libg_nano.a(lib_a-findfp.o)
 .debug_frame   0x0000000000000f60       0x54 c:/users/erth0001/user/gnuarmeclipse_photon/eclipse/gnu mcu eclipse/arm embedded gcc/bin/../lib/gcc/arm-none-eabi/7.3.1/../../../../arm-none-eabi/lib/thumb/v7e-m/fpv4-sp/hard\libg_nano.a(lib_a-fwalk.o)
 .debug_frame   0x0000000000000fb4       0x70 c:/users/erth0001/user/gnuarmeclipse_photon/eclipse/gnu mcu eclipse/arm embedded gcc/bin/../lib/gcc/arm-none-eabi/7.3.1/../../../../arm-none-eabi/lib/thumb/v7e-m/fpv4-sp/hard\libg_nano.a(lib_a-gdtoa-gethex.o)
 .debug_frame   0x0000000000001024       0x74 c:/users/erth0001/user/gnuarmeclipse_photon/eclipse/gnu mcu eclipse/arm embedded gcc/bin/../lib/gcc/arm-none-eabi/7.3.1/../../../../arm-none-eabi/lib/thumb/v7e-m/fpv4-sp/hard\libg_nano.a(lib_a-gdtoa-hexnan.o)
 .debug_frame   0x0000000000001098       0x68 c:/users/erth0001/user/gnuarmeclipse_photon/eclipse/gnu mcu eclipse/arm embedded gcc/bin/../lib/gcc/arm-none-eabi/7.3.1/../../../../arm-none-eabi/lib/thumb/v7e-m/fpv4-sp/hard\libg_nano.a(lib_a-locale.o)
 .debug_frame   0x0000000000001100       0x40 c:/users/erth0001/user/gnuarmeclipse_photon/eclipse/gnu mcu eclipse/arm embedded gcc/bin/../lib/gcc/arm-none-eabi/7.3.1/../../../../arm-none-eabi/lib/thumb/v7e-m/fpv4-sp/hard\libg_nano.a(lib_a-localeconv.o)
 .debug_frame   0x0000000000001140       0x30 c:/users/erth0001/user/gnuarmeclipse_photon/eclipse/gnu mcu eclipse/arm embedded gcc/bin/../lib/gcc/arm-none-eabi/7.3.1/../../../../arm-none-eabi/lib/thumb/v7e-m/fpv4-sp/hard\libg_nano.a(lib_a-malloc.o)
 .debug_frame   0x0000000000001170       0x48 c:/users/erth0001/user/gnuarmeclipse_photon/eclipse/gnu mcu eclipse/arm embedded gcc/bin/../lib/gcc/arm-none-eabi/7.3.1/../../../../arm-none-eabi/lib/thumb/v7e-m/fpv4-sp/hard\libg_nano.a(lib_a-mbtowc_r.o)
 .debug_frame   0x00000000000011b8       0x28 c:/users/erth0001/user/gnuarmeclipse_photon/eclipse/gnu mcu eclipse/arm embedded gcc/bin/../lib/gcc/arm-none-eabi/7.3.1/../../../../arm-none-eabi/lib/thumb/v7e-m/fpv4-sp/hard\libg_nano.a(lib_a-memcpy-stub.o)
 .debug_frame   0x00000000000011e0      0x244 c:/users/erth0001/user/gnuarmeclipse_photon/eclipse/gnu mcu eclipse/arm embedded gcc/bin/../lib/gcc/arm-none-eabi/7.3.1/../../../../arm-none-eabi/lib/thumb/v7e-m/fpv4-sp/hard\libg_nano.a(lib_a-mprec.o)
 .debug_frame   0x0000000000001424       0x2c c:/users/erth0001/user/gnuarmeclipse_photon/eclipse/gnu mcu eclipse/arm embedded gcc/bin/../lib/gcc/arm-none-eabi/7.3.1/../../../../arm-none-eabi/lib/thumb/v7e-m/fpv4-sp/hard\libg_nano.a(lib_a-nano-callocr.o)
 .debug_frame   0x0000000000001450       0x38 c:/users/erth0001/user/gnuarmeclipse_photon/eclipse/gnu mcu eclipse/arm embedded gcc/bin/../lib/gcc/arm-none-eabi/7.3.1/../../../../arm-none-eabi/lib/thumb/v7e-m/fpv4-sp/hard\libg_nano.a(lib_a-nano-freer.o)
 .debug_frame   0x0000000000001488       0x2c c:/users/erth0001/user/gnuarmeclipse_photon/eclipse/gnu mcu eclipse/arm embedded gcc/bin/../lib/gcc/arm-none-eabi/7.3.1/../../../../arm-none-eabi/lib/thumb/v7e-m/fpv4-sp/hard\libg_nano.a(lib_a-nano-mallocr.o)
 .debug_frame   0x00000000000014b4       0x90 c:/users/erth0001/user/gnuarmeclipse_photon/eclipse/gnu mcu eclipse/arm embedded gcc/bin/../lib/gcc/arm-none-eabi/7.3.1/../../../../arm-none-eabi/lib/thumb/v7e-m/fpv4-sp/hard\libg_nano.a(lib_a-nano-svfprintf.o)
 .debug_frame   0x0000000000001544       0xac c:/users/erth0001/user/gnuarmeclipse_photon/eclipse/gnu mcu eclipse/arm embedded gcc/bin/../lib/gcc/arm-none-eabi/7.3.1/../../../../arm-none-eabi/lib/thumb/v7e-m/fpv4-sp/hard\libg_nano.a(lib_a-nano-vfprintf.o)
 .debug_frame   0x00000000000015f0       0x2c c:/users/erth0001/user/gnuarmeclipse_photon/eclipse/gnu mcu eclipse/arm embedded gcc/bin/../lib/gcc/arm-none-eabi/7.3.1/../../../../arm-none-eabi/lib/thumb/v7e-m/fpv4-sp/hard\libg_nano.a(lib_a-sbrkr.o)
 .debug_frame   0x000000000000161c       0x88 c:/users/erth0001/user/gnuarmeclipse_photon/eclipse/gnu mcu eclipse/arm embedded gcc/bin/../lib/gcc/arm-none-eabi/7.3.1/../../../../arm-none-eabi/lib/thumb/v7e-m/fpv4-sp/hard\libg_nano.a(lib_a-stdio.o)
 .debug_frame   0x00000000000016a4       0x28 c:/users/erth0001/user/gnuarmeclipse_photon/eclipse/gnu mcu eclipse/arm embedded gcc/bin/../lib/gcc/arm-none-eabi/7.3.1/../../../../arm-none-eabi/lib/thumb/v7e-m/fpv4-sp/hard\libg_nano.a(lib_a-strncmp.o)
 .debug_frame   0x00000000000016cc       0x40 c:/users/erth0001/user/gnuarmeclipse_photon/eclipse/gnu mcu eclipse/arm embedded gcc/bin/../lib/gcc/arm-none-eabi/7.3.1/../../../../arm-none-eabi/lib/thumb/v7e-m/fpv4-sp/hard\libg_nano.a(lib_a-wbuf.o)
 .debug_frame   0x000000000000170c       0x3c c:/users/erth0001/user/gnuarmeclipse_photon/eclipse/gnu mcu eclipse/arm embedded gcc/bin/../lib/gcc/arm-none-eabi/7.3.1/../../../../arm-none-eabi/lib/thumb/v7e-m/fpv4-sp/hard\libg_nano.a(lib_a-wctomb_r.o)
 .debug_frame   0x0000000000001748       0x2c c:/users/erth0001/user/gnuarmeclipse_photon/eclipse/gnu mcu eclipse/arm embedded gcc/bin/../lib/gcc/arm-none-eabi/7.3.1/../../../../arm-none-eabi/lib/thumb/v7e-m/fpv4-sp/hard\libg_nano.a(lib_a-writer.o)
 .debug_frame   0x0000000000001774       0x2c c:/users/erth0001/user/gnuarmeclipse_photon/eclipse/gnu mcu eclipse/arm embedded gcc/bin/../lib/gcc/arm-none-eabi/7.3.1/../../../../arm-none-eabi/lib/thumb/v7e-m/fpv4-sp/hard\libg_nano.a(lib_a-wsetup.o)
 .debug_frame   0x00000000000017a0       0x2c c:/users/erth0001/user/gnuarmeclipse_photon/eclipse/gnu mcu eclipse/arm embedded gcc/bin/../lib/gcc/arm-none-eabi/7.3.1/../../../../arm-none-eabi/lib/thumb/v7e-m/fpv4-sp/hard\libg_nano.a(lib_a-closer.o)
 .debug_frame   0x00000000000017cc       0x68 c:/users/erth0001/user/gnuarmeclipse_photon/eclipse/gnu mcu eclipse/arm embedded gcc/bin/../lib/gcc/arm-none-eabi/7.3.1/../../../../arm-none-eabi/lib/thumb/v7e-m/fpv4-sp/hard\libg_nano.a(lib_a-fflush.o)
 .debug_frame   0x0000000000001834       0x2c c:/users/erth0001/user/gnuarmeclipse_photon/eclipse/gnu mcu eclipse/arm embedded gcc/bin/../lib/gcc/arm-none-eabi/7.3.1/../../../../arm-none-eabi/lib/thumb/v7e-m/fpv4-sp/hard\libg_nano.a(lib_a-lseekr.o)
 .debug_frame   0x0000000000001860       0x58 c:/users/erth0001/user/gnuarmeclipse_photon/eclipse/gnu mcu eclipse/arm embedded gcc/bin/../lib/gcc/arm-none-eabi/7.3.1/../../../../arm-none-eabi/lib/thumb/v7e-m/fpv4-sp/hard\libg_nano.a(lib_a-makebuf.o)
 .debug_frame   0x00000000000018b8       0x28 c:/users/erth0001/user/gnuarmeclipse_photon/eclipse/gnu mcu eclipse/arm embedded gcc/bin/../lib/gcc/arm-none-eabi/7.3.1/../../../../arm-none-eabi/lib/thumb/v7e-m/fpv4-sp/hard\libg_nano.a(lib_a-memmove.o)
 .debug_frame   0x00000000000018e0       0x30 c:/users/erth0001/user/gnuarmeclipse_photon/eclipse/gnu mcu eclipse/arm embedded gcc/bin/../lib/gcc/arm-none-eabi/7.3.1/../../../../arm-none-eabi/lib/thumb/v7e-m/fpv4-sp/hard\libg_nano.a(lib_a-mlock.o)
 .debug_frame   0x0000000000001910       0x3c c:/users/erth0001/user/gnuarmeclipse_photon/eclipse/gnu mcu eclipse/arm embedded gcc/bin/../lib/gcc/arm-none-eabi/7.3.1/../../../../arm-none-eabi/lib/thumb/v7e-m/fpv4-sp/hard\libg_nano.a(lib_a-nano-reallocr.o)
 .debug_frame   0x000000000000194c       0x2c c:/users/erth0001/user/gnuarmeclipse_photon/eclipse/gnu mcu eclipse/arm embedded gcc/bin/../lib/gcc/arm-none-eabi/7.3.1/../../../../arm-none-eabi/lib/thumb/v7e-m/fpv4-sp/hard\libg_nano.a(lib_a-readr.o)
 .debug_frame   0x0000000000001978       0x5c c:/users/erth0001/user/gnuarmeclipse_photon/eclipse/gnu mcu eclipse/arm embedded gcc/bin/../lib/gcc/arm-none-eabi/7.3.1/../../../../arm-none-eabi/lib/thumb/v7e-m/fpv4-sp/hard\libg_nano.a(lib_a-reent.o)
 .debug_frame   0x00000000000019d4       0x2c c:/users/erth0001/user/gnuarmeclipse_photon/eclipse/gnu mcu eclipse/arm embedded gcc/bin/../lib/gcc/arm-none-eabi/7.3.1/../../../../arm-none-eabi/lib/thumb/v7e-m/fpv4-sp/hard\libg_nano.a(lib_a-fstatr.o)
 .debug_frame   0x0000000000001a00       0x2c c:/users/erth0001/user/gnuarmeclipse_photon/eclipse/gnu mcu eclipse/arm embedded gcc/bin/../lib/gcc/arm-none-eabi/7.3.1/../../../../arm-none-eabi/lib/thumb/v7e-m/fpv4-sp/hard\libg_nano.a(lib_a-isattyr.o)
 .debug_frame   0x0000000000001a2c       0x20 c:/users/erth0001/user/gnuarmeclipse_photon/eclipse/gnu mcu eclipse/arm embedded gcc/bin/../lib/gcc/arm-none-eabi/7.3.1/../../../../arm-none-eabi/lib/thumb/v7e-m/fpv4-sp/hard\libg_nano.a(lib_a-nano-msizer.o)
 .debug_frame   0x0000000000001a4c       0xac c:/users/erth0001/user/gnuarmeclipse_photon/eclipse/gnu mcu eclipse/arm embedded gcc/bin/../lib/gcc/arm-none-eabi/7.3.1/thumb/v7e-m/fpv4-sp/hard\libgcc.a(_arm_addsubdf3.o)
 .debug_frame   0x0000000000001af8       0x50 c:/users/erth0001/user/gnuarmeclipse_photon/eclipse/gnu mcu eclipse/arm embedded gcc/bin/../lib/gcc/arm-none-eabi/7.3.1/thumb/v7e-m/fpv4-sp/hard\libgcc.a(_arm_muldivdf3.o)
 .debug_frame   0x0000000000001b48       0xc4 c:/users/erth0001/user/gnuarmeclipse_photon/eclipse/gnu mcu eclipse/arm embedded gcc/bin/../lib/gcc/arm-none-eabi/7.3.1/thumb/v7e-m/fpv4-sp/hard\libgcc.a(_arm_cmpdf2.o)
 .debug_frame   0x0000000000001c0c       0x20 c:/users/erth0001/user/gnuarmeclipse_photon/eclipse/gnu mcu eclipse/arm embedded gcc/bin/../lib/gcc/arm-none-eabi/7.3.1/thumb/v7e-m/fpv4-sp/hard\libgcc.a(_arm_unorddf2.o)
 .debug_frame   0x0000000000001c2c       0x24 c:/users/erth0001/user/gnuarmeclipse_photon/eclipse/gnu mcu eclipse/arm embedded gcc/bin/../lib/gcc/arm-none-eabi/7.3.1/thumb/v7e-m/fpv4-sp/hard\libgcc.a(_arm_fixdfsi.o)
 .debug_frame   0x0000000000001c50       0x24 c:/users/erth0001/user/gnuarmeclipse_photon/eclipse/gnu mcu eclipse/arm embedded gcc/bin/../lib/gcc/arm-none-eabi/7.3.1/thumb/v7e-m/fpv4-sp/hard\libgcc.a(_arm_fixunsdfsi.o)
 .debug_frame   0x0000000000001c74      0x3ac c:/users/erth0001/user/gnuarmeclipse_photon/eclipse/gnu mcu eclipse/arm embedded gcc/bin/../lib/gcc/arm-none-eabi/7.3.1/../../../../arm-none-eabi/lib/thumb/v7e-m/fpv4-sp/hard\librdimon_nano.a(rdimon-syscalls.o)
 .debug_frame   0x0000000000002020       0x20 c:/users/erth0001/user/gnuarmeclipse_photon/eclipse/gnu mcu eclipse/arm embedded gcc/bin/../lib/gcc/arm-none-eabi/7.3.1/../../../../arm-none-eabi/lib/thumb/v7e-m/fpv4-sp/hard\libc_nano.a(lib_a-errno.o)

.debug_str      0x0000000000000000   0x1c564e
 *(.debug_str)
 .debug_str     0x0000000000000000       0xa4 ./system/include/S6E2CCA/startup/startup_s6e2cc.o
 .debug_str     0x00000000000000a4   0x1b6bab ./system/include/S6E2CCA/PDL/dstc.o
                                     0x1b6e27 (size before relaxing)
 .debug_str     0x00000000001b6c4f     0x1da1 ./system/include/S6E2CCA/PDL/i2s.o
                                     0x1b5b16 (size before relaxing)
 .debug_str     0x00000000001b89f0     0x5887 ./system/include/S6E2CCA/PDL/interrupts_fm4_type_b.o
                                     0x1bb699 (size before relaxing)
 .debug_str     0x00000000001be277     0x31bc ./system/include/S6E2CCA/PDL/system_s6e2cc.o
                                     0x1b0b68 (size before relaxing)
 .debug_str     0x00000000001c1433     0x421b ./src/Examples/Semihosting.o
                                       0x73b3 (size before relaxing)

.debug_loc
 *(.debug_loc)

.debug_macinfo
 *(.debug_macinfo)

.debug_weaknames
 *(.debug_weaknames)

.debug_funcnames
 *(.debug_funcnames)

.debug_typenames
 *(.debug_typenames)

.debug_varnames
 *(.debug_varnames)

.note.gnu.arm.ident
 *(.note.gnu.arm.ident)

.ARM.attributes
                0x0000000000000000       0x37
 *(.ARM.attributes)
 .ARM.attributes
                0x0000000000000000       0x39 ./system/include/platform/FM4_slider_interface.o
 .ARM.attributes
                0x0000000000000039       0x39 ./system/include/platform/platform.o
 .ARM.attributes
                0x0000000000000072       0x39 ./system/include/platform/utils.o
 .ARM.attributes
                0x00000000000000ab       0x25 ./system/include/S6E2CCA/startup/startup_s6e2cc.o
 .ARM.attributes
                0x00000000000000d0       0x39 ./system/include/S6E2CCA/PDL/clk.o
 .ARM.attributes
                0x0000000000000109       0x39 ./system/include/S6E2CCA/PDL/dstc.o
 .ARM.attributes
                0x0000000000000142       0x39 ./system/include/S6E2CCA/PDL/i2s.o
 .ARM.attributes
                0x000000000000017b       0x39 ./system/include/S6E2CCA/PDL/interrupts_fm4_type_b.o
 .ARM.attributes
                0x00000000000001b4       0x39 ./system/include/S6E2CCA/PDL/mfs.o
 .ARM.attributes
                0x00000000000001ed       0x39 ./system/include/S6E2CCA/PDL/pdl.o
 .ARM.attributes
                0x0000000000000226       0x39 ./system/include/S6E2CCA/PDL/system_s6e2cc.o
 .ARM.attributes
                0x000000000000025f       0x39 ./system/include/S6E2CCA/PDL/wm8731.o
 .ARM.attributes
                0x0000000000000298       0x39 ./src/Examples/Semihosting.o
 .ARM.attributes
                0x00000000000002d1       0x22 c:/users/erth0001/user/gnuarmeclipse_photon/eclipse/gnu mcu eclipse/arm embedded gcc/bin/../lib/gcc/arm-none-eabi/7.3.1/thumb/v7e-m/fpv4-sp/hard\libgcc.a(_arm_truncdfsf2.o)
 .ARM.attributes
                0x00000000000002f3       0x34 c:/users/erth0001/user/gnuarmeclipse_photon/eclipse/gnu mcu eclipse/arm embedded gcc/bin/../lib/gcc/arm-none-eabi/7.3.1/../../../../arm-none-eabi/lib/thumb/v7e-m/fpv4-sp/hard\libg_nano.a(lib_a-atof.o)
 .ARM.attributes
                0x0000000000000327       0x34 c:/users/erth0001/user/gnuarmeclipse_photon/eclipse/gnu mcu eclipse/arm embedded gcc/bin/../lib/gcc/arm-none-eabi/7.3.1/../../../../arm-none-eabi/lib/thumb/v7e-m/fpv4-sp/hard\libg_nano.a(lib_a-atoi.o)
 .ARM.attributes
                0x000000000000035b       0x34 c:/users/erth0001/user/gnuarmeclipse_photon/eclipse/gnu mcu eclipse/arm embedded gcc/bin/../lib/gcc/arm-none-eabi/7.3.1/../../../../arm-none-eabi/lib/thumb/v7e-m/fpv4-sp/hard\libg_nano.a(lib_a-memset.o)
 .ARM.attributes
                0x000000000000038f       0x34 c:/users/erth0001/user/gnuarmeclipse_photon/eclipse/gnu mcu eclipse/arm embedded gcc/bin/../lib/gcc/arm-none-eabi/7.3.1/../../../../arm-none-eabi/lib/thumb/v7e-m/fpv4-sp/hard\libg_nano.a(lib_a-nano-vfprintf_float.o)
 .ARM.attributes
                0x00000000000003c3       0x34 c:/users/erth0001/user/gnuarmeclipse_photon/eclipse/gnu mcu eclipse/arm embedded gcc/bin/../lib/gcc/arm-none-eabi/7.3.1/../../../../arm-none-eabi/lib/thumb/v7e-m/fpv4-sp/hard\libg_nano.a(lib_a-nano-vfprintf_i.o)
 .ARM.attributes
                0x00000000000003f7       0x34 c:/users/erth0001/user/gnuarmeclipse_photon/eclipse/gnu mcu eclipse/arm embedded gcc/bin/../lib/gcc/arm-none-eabi/7.3.1/../../../../arm-none-eabi/lib/thumb/v7e-m/fpv4-sp/hard\libg_nano.a(lib_a-nano-vfscanf_float.o)
 .ARM.attributes
                0x000000000000042b       0x34 c:/users/erth0001/user/gnuarmeclipse_photon/eclipse/gnu mcu eclipse/arm embedded gcc/bin/../lib/gcc/arm-none-eabi/7.3.1/../../../../arm-none-eabi/lib/thumb/v7e-m/fpv4-sp/hard\libg_nano.a(lib_a-printf.o)
 .ARM.attributes
                0x000000000000045f       0x34 c:/users/erth0001/user/gnuarmeclipse_photon/eclipse/gnu mcu eclipse/arm embedded gcc/bin/../lib/gcc/arm-none-eabi/7.3.1/../../../../arm-none-eabi/lib/thumb/v7e-m/fpv4-sp/hard\libg_nano.a(lib_a-sf_nan.o)
 .ARM.attributes
                0x0000000000000493       0x34 c:/users/erth0001/user/gnuarmeclipse_photon/eclipse/gnu mcu eclipse/arm embedded gcc/bin/../lib/gcc/arm-none-eabi/7.3.1/../../../../arm-none-eabi/lib/thumb/v7e-m/fpv4-sp/hard\libg_nano.a(lib_a-sprintf.o)
 .ARM.attributes